building the system configuration...
warning: Git tree '/tmp/nix-cache-compiler/repo' is dirty
Using saved setting for 'extra-substituters = https://bincache.yoke.sereia.gay https://nixos-raspberrypi.cachix.org' from ~/.local/share/nix/trusted-settings.json.
Using saved setting for 'extra-trusted-public-keys = yoke-bin-cache:ddWddUNLU59tCn5o6xwweO88tXpcnJql6pqpF2aYkc4= nixos-raspberrypi.cachix.org-1:4iMO9LXa8BqhU+Rpg6LQKiGa2lsNh/j2oiYLNOQ5sPI=' from ~/.local/share/nix/trusted-settings.json.
evaluation warning: `boot.zfs.forceImportRoot` is using the default value of `true`. It is highly recommended to set it to `false`, the new default from 26.11 on, to reduce the risk of data loss. Alternatively, you can silence this warning by explicitly setting it to `true`.
evaluation warning: cage-tty1.service is ordered after 'network-online.target' but doesn't depend on it
evaluation warning: stdenv.isAarch64 is deprecated, use stdenv.hostPlatform.isAarch64 instead
warning: unable to download 'https://bincache.yoke.sereia.gay/nix-cache-info': HTTP error 502

response body:

<html>
<head><title>502 Bad Gateway</title></head>
<body>
<center><h1>502 Bad Gateway</h1></center>
<hr><center>nginx</center>
</body>
</html>; retrying in 282 ms (attempt 1/5)
warning: unable to download 'https://bincache.yoke.sereia.gay/nix-cache-info': HTTP error 502

response body:

<html>
<head><title>502 Bad Gateway</title></head>
<body>
<center><h1>502 Bad Gateway</h1></center>
<hr><center>nginx</center>
</body>
</html>; retrying in 689 ms (attempt 2/5)
warning: unable to download 'https://bincache.yoke.sereia.gay/nix-cache-info': HTTP error 502

response body:

<html>
<head><title>502 Bad Gateway</title></head>
<body>
<center><h1>502 Bad Gateway</h1></center>
<hr><center>nginx</center>
</body>
</html>; retrying in 1255 ms (attempt 3/5)
warning: unable to download 'https://bincache.yoke.sereia.gay/nix-cache-info': HTTP error 502

response body:

<html>
<head><title>502 Bad Gateway</title></head>
<body>
<center><h1>502 Bad Gateway</h1></center>
<hr><center>nginx</center>
</body>
</html>; retrying in 2034 ms (attempt 4/5)
warning: unable to download 'https://bincache.yoke.sereia.gay/nix-cache-info': HTTP error 502

         response body:

         <html>
         <head><title>502 Bad Gateway</title></head>
         <body>
         <center><h1>502 Bad Gateway</h1></center>
         <hr><center>nginx</center>
         </body>
         </html>
these 818 derivations will be built:
  /nix/store/0hxwj3is9f7xg71vx5r060wp6bfilsxp-python3.14-mypy-2.1.0.drv
  /nix/store/znx8ym0b2fwxf1pzr239b1s65w9j6rbq-python3.14-charset-normalizer-3.4.9.drv
  /nix/store/yzjrwq53dsj9za8134cn2yxrz755pfln-python3.14-requests-2.34.2.drv
  /nix/store/gqskc5zbkjymf2hz0k8asi3mn7y84lg7-python3.14-sphinx-9.1.0.drv
  /nix/store/rysm0a9sgvj60xr5czw3ihs1dkxjql32-ghc-9.10.3.drv
  /nix/store/h0wfff4yjyg3py7700ykgfdfkx35fkd0-hscolour-1.25.drv
  /nix/store/6ks4m0h9grlvb9780cjs96gacl9xl769-splitmix-0.1.3.2.drv
  /nix/store/3y6qv6ng8sd2iz9p15zpkamdq1jg03wz-random-1.2.1.3.drv
  /nix/store/09hg3yaw3zpwl98qjxs2vl6m7bri6pkn-QuickCheck-2.15.0.1.drv
  /nix/store/4c6l2map7nnyd4zizjh5mcsc3a5a1k4r-hostname-1.0.drv
  /nix/store/8a754b90k62j3ajq2picqk9cxpsnimz3-xml-1.3.14.drv
  /nix/store/0gcc9i8bifnlw1rfbkkcz5gvv5wkr9gh-colour-2.3.7.drv
  /nix/store/bzzxxgxrh67c3zdxkg3g17gjh6z1nix2-ansi-terminal-types-1.1.3.drv
  /nix/store/bqj08dxdf0mldgiivc2c983cb3gbbijm-ansi-terminal-1.1.5.drv
  /nix/store/isz0licdnpirr38fdpsy06fyyn5291kd-prettyprinter-1.7.1.drv
  /nix/store/6c1xkp7bl45sdnccz70zyzw0pg86phmy-prettyprinter-ansi-terminal-1.1.3.drv
  /nix/store/9nfmzg1kdja2nglq5bap9rk79g39h4mg-prettyprinter-compat-ansi-wl-pprint-1.0.2.drv
  /nix/store/b0jasi2895y2j8idm2hkivjh5pn97w5c-ansi-wl-pprint-1.0.2.drv
  /nix/store/bhr02k1ip9al3alvz5wqdskqfh7h24yh-regex-base-0.94.0.3.drv
  /nix/store/bvcqdmi2h8kkg64s11sq1hrfyggx6ky6-regex-posix-0.96.0.2.drv
  /nix/store/k9a7z759vcqsf06vpvaj7i0i6rb0z2dp-test-framework-0.8.2.3.drv
  /nix/store/0023r9g44sams0lc0k8ciczkx9nsz2h8-test-framework-quickcheck2-0.3.0.7.drv
  /nix/store/wlxkinbh1vix4k8lsplzqjlygx8xdb0h-python3.14-sphinx-9.1.0.drv
  /nix/store/b1kkk18idk0m3fw3c7vqq0ijvdxqvm9r-libtiff-4.7.2.drv
  /nix/store/q73n6caj806caipx2vhya19r5zqgbim6-fontforge-20251009.drv
  /nix/store/4sw4ck20n3gaipsqzqviiv5k3am81n2f-dejavu-fonts-full-2.37.drv
  /nix/store/bzz3q0g4w3dx54jf7nfccj4vfiga5ivm-dejavu-fonts-minimal-2.37.drv
  /nix/store/mij6p44dzl8da7hn1a222pjqb2xh4l9r-fontconfig-2.18.3.drv
  /nix/store/2b6jmm64wgpi22v0rf10lil4vdf3z77y-cairo-1.18.4.drv
  /nix/store/f2zdi4qyv933liszccrzabrapgdfbvkr-absolute_gir_path.patch.drv
  /nix/store/yv65n6sxvf59hykvivhxcn472rvz0ql5-gobject-introspection-1.86.0.drv
  /nix/store/ahgdpmkqng1vyy2svlk18rjr0q329hwl-gobject-introspection-wrapped-1.86.0.drv
  /nix/store/yhhp45wa5nl5z6ca7q82yzqhs2ssfw86-vala-0.56.19.drv
  /nix/store/3cnydwvlmw9mkzv156893jyiqpq9i56q-dconf-0.49.0.drv
  /nix/store/002y4xg81xbcb419cayh0afcj9ch3d6w-wrap-gapps-hook.drv
  /nix/store/3np89ih7r0nmyx7livd9kflm88xch0hw-tagged-0.8.9.drv
  /nix/store/9dldsh48drbqja2ab0xh0hj0bi0ibcc4-transformers-compat-0.7.2.drv
  /nix/store/ay80kwdcw3fy6iv1hz7pfv5pm6llzc8i-optparse-applicative-0.18.1.0.drv
  /nix/store/am8pcgzyfqy1xkh6pnr7ijij8sp5cxhy-tasty-1.5.4.drv
  /nix/store/i9ih3nm18yc1yk5l686sbxnl5iqwbqji-nanospec-0.2.2.drv
  /nix/store/jb9zlnmbcgz8dbhmbsxl1q1vjvmvjk9x-call-stack-0.4.0.drv
  /nix/store/b4d89lq7ddn59idskhy38zr8sswvgm0q-HUnit-1.6.2.0.drv
  /nix/store/fiwlmficapzjkn8isz3c1ga4x68va5jh-tasty-hunit-0.10.2.drv
  /nix/store/gzzm8qhncsz8briqh9jc166yg0famb1k-tasty-quickcheck-0.11.1.drv
  /nix/store/gpnfmmx89sxwdrw2hi5vss2zh2966g5s-primitive-0.9.1.0.drv
  /nix/store/qyqmnsxrkyrr5jy6rbab816wznlk4nva-hashable-1.5.1.0.drv
  /nix/store/00bq5dlrwa8fza5dz7adsxzqi45wfmxm-psqueues-0.2.8.3.drv
  /nix/store/zg5694g63bfy0bcci210mpj82xw2kch0-data-default-0.8.0.2.drv
  /nix/store/6gr8iggij4nb36kr4jjb00ks1qq44xjy-data-default-class-0.2.0.0.drv
  /nix/store/01lm623bs3za96agafwpyy0zy6sxbzn6-cookie-0.5.1.drv
  /nix/store/mcwg8dvrdhgdmgnj18qvy0sw59xz77hc-ruby-3.4.9.drv
  /nix/store/n2ca8c0ng00xjwaqpmbl1inzqxk72izw-ruby3.4-pdf-core-0.9.0.drv
  /nix/store/y065hn9fsbw317xb2zpbx07b6ld55nq0-ruby3.4-ttfunk-1.7.0.drv
  /nix/store/8v5710d83jsphhhb1q0p3dyzaqyxkk90-ruby3.4-prawn-2.4.0.drv
  /nix/store/03fgfgwyjs1kv12r11x0h2z0cnsxf0f9-ruby3.4-prawn-icon-3.0.0.drv
  /nix/store/i9lzqvs3rld73vis6iacdp0k52il3911-ruby3.4-hashery-2.1.2.drv
  /nix/store/j18dbm46bv517gwids98lvk5vv6f4qp5-ruby3.4-ruby-rc4-0.1.5.drv
  /nix/store/rc0i21f11r0fpm7qdvir61z8y2rpx3za-ruby3.4-afm-1.0.0.drv
  /nix/store/xl9903qjrjyy4fs8knfhn2s4824j7lnn-ruby3.4-Ascii85-2.0.1.drv
  /nix/store/kp62d7nxgibrsvx79ybwsvijzg3rbjwb-ruby3.4-pdf-reader-2.15.0.drv
  /nix/store/0pwkfbw6pdjs6633lmhvf2pzwn4vf2g5-ruby3.4-prawn-templates-0.1.2.drv
  /nix/store/23j0szy1y6zwzb1wfcgxnjkz3pwiyp85-ruby3.4-prawn-table-0.2.2.drv
  /nix/store/2xsl9cz83qbdyqm3v3pspmvvhr6vlxxn-ruby3.4-asciidoctor-2.0.26.drv
  /nix/store/r4b6s3hsqkr9imbs3vbjdvc06csfd0yb-ruby3.4-public_suffix-6.0.2.drv
  /nix/store/wwa02lf0lm8hq7kxpn6lqqx36hz15sq6-ruby3.4-addressable-2.8.7.drv
  /nix/store/6c02pn9c9r3bxhzk37nzz42nbaw8b70p-ruby3.4-css_parser-1.21.1.drv
  /nix/store/8p7xz3p10im41rhphv6wd63cn6q00sgl-bundler-2.7.2.drv
  /nix/store/biwsqdw4qamdqppbafhgbpv15cirdlcj-ruby3.4-tilt-2.6.1.drv
  /nix/store/cdwvwdrq64wq8l4pbqiy96kmym4ghr1i-ruby3.4-rexml-3.4.4.drv
  /nix/store/grqgc5zpgxvl045d6frc315k93drgfyr-ruby3.4-coderay-1.1.3.drv
  /nix/store/qy18x7ahzancwg07mqgxdy57msyvdgh5-ruby3.4-matrix-0.4.3.drv
  /nix/store/hc31dr0p9rjqir8z2k9raz78xzkyzl8v-ruby3.4-prawn-svg-0.34.2.drv
  /nix/store/isy7zif3ygq43zvi9grqa36bhh92443c-gen-bin-stubs.drv
  /nix/store/p1fgj48z92mpzz1gxi16rpysyyz56hha-ruby3.4-polyglot-0.3.5.drv
  /nix/store/jagz5ccs09z3r64cbq01ix0ix4lm374b-ruby3.4-treetop-1.6.18.drv
  /nix/store/wg2hp4hpgh742dnxi09iw65zl61zx4y0-ruby3.4-concurrent-ruby-1.3.5.drv
  /nix/store/qpgfdihkqg40cs5pa0y7dk0cm5pyfhkb-ruby3.4-asciidoctor-pdf-2.3.24.drv
  /nix/store/rwg50lkhdfja8mp2pigk49lzwmnbbhcw-ruby3.4-rouge-4.6.1.drv
  /nix/store/xwywfirkvn0z6kcyxy57k2ikzp2ncqnv-ruby3.4-pygments.rb-4.0.0.drv
  /nix/store/48ns1j5dl9xhpg30mn5mhidcx196ibpn-asciidoctor-2.0.26.drv
  /nix/store/d8b4bc9vx3fz7wy9ifsd3nmfcfazvi0i-asciidoctor-2.0.26.drv
  /nix/store/x15gh5m76syyfx5k8wqsh1vbzz1x8qbv-git-2.55.0.drv
  /nix/store/02vhmkj6wcx83za4vpv245x3g3jial3v-git-lfs-3.7.1.drv
  /nix/store/wlq2v1nb747dywvr90x5f7jk5hzk2082-python3.14-dataclasses-json-0.6.7.drv
  /nix/store/lpvj9r3x7xn4k3m5drpm8jg2q8vyr760-python3.14-json-schema-for-humans-1.5.1.drv
  /nix/store/6iny1k13jcp4j7j8pl648as8gvg68hzm-nix-manual-2.34.8.drv
  /nix/store/xsqh5ijncizp1b15mx1zh1lk0la1d7hy-python3.14-sphinx-9.1.0.drv
  /nix/store/gdx32b47ndqgp7cgjn8q7lijq7gciyki-python3.14-sphinx-issues-6.0.0.drv
  /nix/store/h0a6my8zkh0fzbjygy0iq75zc5bpmpsh-python3.14-pip-26.1.2.drv
  /nix/store/5h8yz8zmskrspfcyclc6w15fl2mznljf-python3.14-numpy-2.5.2.drv
  /nix/store/zf7qb36lfwpxn9v1r4c7xi7dw2ngpyr2-python3.14-pybind11-3.0.4.drv
  /nix/store/y6gbbycj6mnih16m67shp7djc74ndswz-python3.14-google-re2-1.1.20251105.drv
  /nix/store/q76jfwnxfiw09kv39w1zrh0pxj7q418m-mercurial-7.2.2.drv
  /nix/store/ck23xq8f5vvr8cypa3z8s6m14dpn4dan-nix-functional-tests-2.34.8.drv
  /nix/store/fgkdzldv87601lgpzdw2c462a915nvd0-nix-2.34.8.drv
  /nix/store/c6rf6125cf1b4x1i78nb0js3r6xxi143-lazy-options.json.drv
  /nix/store/nhjvrg9qm0038c7hc9fd8mi58nqf0626-options.json.drv
  /nix/store/03h52sij2r0a6jrgxq08g2rd1m8k89m4-nixos-configuration-reference-manpage.drv
  /nix/store/6s5h1676jb33zgw6r0himssmygxk7hwa-python3.14-astroid-4.2.0.drv
  /nix/store/03sz7wq2zbscp3qrjf4w5q361nbcra0a-python3.14-asttokens-3.0.2.drv
  /nix/store/wygjg6yz1cd7b8ajbp94676gpcdp2hyc-rustfmt-nightly-1.98.1.drv
  /nix/store/yr9b5hyfw7l38kz4yn597laijvqzzv4a-rust-bindgen-unwrapped-0.72.1-vendor.drv
  /nix/store/048y16zi3cr63ab87r43nc2aa27h7jx7-rust-bindgen-unwrapped-0.72.1.drv
  /nix/store/053zmgb0vf4px79cc4ndf5c5la1f6c13-uv-build-0.11.28-vendor.drv
  /nix/store/65prafpyfkh90hjj8zvqkpsv3dzad29q-temporary-1.3.drv
  /nix/store/syz0x01y1l9amzq0p3843gbdn55c3sy5-logging-facade-0.3.1.drv
  /nix/store/wlcx95l2nl21x29m1cvcwmbra1am20hi-base-compat-0.14.1.drv
  /nix/store/k2xnkhka90wjsrzlwy8zvf1c355kffrb-mockery-0.3.5.drv
  /nix/store/9kz1fyd7ijdqxv62bfzpnxvyx5gwrxn3-quickcheck-io-0.2.0.drv
  /nix/store/b7riljd3cqr2d77j7z9v8w9m22fnj1p7-haskell-lexer-1.2.1.drv
  /nix/store/p7jcbvkky4r0kkbyqj1c5pa7kdh2lvwj-hspec-expectations-0.8.4.drv
  /nix/store/lkv6gmn9c287yc212ds2xrqjb08lab46-hspec-meta-2.11.17.drv
  /nix/store/3dgi4z29pmwmrki6p3wm15b94ykh3ch3-hspec-discover-2.11.17.drv
  /nix/store/kh8cfwflfrm3g85asy3zsa3n95sl2sza-test-framework-hunit-0.3.0.3.drv
  /nix/store/5ck63xx70s5yp1yczpd3kxxvmjhrxm5b-base64-bytestring-1.2.1.0.drv
  /nix/store/92slb8a0q3mfvj3xsq7hj2n6nxa9yl7r-unliftio-core-0.2.1.0.drv
  /nix/store/d80nm48mbpdpl9qnn2fiwsq73y1s025y-hspec-core-2.11.17.drv
  /nix/store/ddhz9h1qipqwdlwqv3lbicm0l86si8cm-hspec-2.11.17.drv
  /nix/store/p5955nr7mvdcxd7jmfp8ngg5prik4498-syb-0.7.2.4.drv
  /nix/store/6acqxwh1phi8dbf68jpy7w309sa4m5w7-ChasingBottoms-1.3.1.17.drv
  /nix/store/0k0hv1zicwv8l4z90xbvz1nng0inpyd2-wherefrom-compat-0.1.1.1.drv
  /nix/store/0djpp33s67jnghcwyiqjdb5ja97w0gv8-vector-stream-0.1.0.1.drv
  /nix/store/ldc6rinqfd870l8kfq3msgvdk2adh6yf-inspection-testing-0.6.3.drv
  /nix/store/1yl62y3fb0kp1gsmy8h9cnw69vz5f7xa-tasty-inspection-testing-0.2.1.drv
  /nix/store/1q5pfb5sjwq57r27lf7qkvjz5ik13b8b-ghc-paths-0.1.0.12.drv
  /nix/store/30z1hpaf25c7v3353xbgh58hwx5fpl0i-stringbuilder-0.5.1.drv
  /nix/store/l5hwpssqchmn5jr5k36kmkvbaafkmfxg-code-page-0.2.1.drv
  /nix/store/vb5n2xxywkkbg28liglakmgg8l44jca2-silently-1.2.5.4.drv
  /nix/store/in161w4jb90zdhzqyrq7hsaacyjp5n55-doctest-0.24.3.drv
  /nix/store/sfrjiixry6sz626n14n84xgk3iahrj73-base-orphans-0.9.4.drv
  /nix/store/3m1wixcc8n8xzklgckagzkzs6wk62vjr-vector-0.13.2.0.drv
  /nix/store/vy40gz53rj35bpdkw4a22xv60blvsnq5-nothunks-0.3.1.drv
  /nix/store/qga2ypbyxswx96fah4nzdipa9v8a9rqk-unordered-containers-0.2.20.1.drv
  /nix/store/mjz4ykdy2j2rmhp4jh1nhh19rddrrhry-async-2.2.6.drv
  /nix/store/rsj835s6rv6lphin6ncfnyci0jxy3gx3-typed-process-0.2.13.0.drv
  /nix/store/4djmf6gy3y03g2rw5fhasgv6c8m7wm5g-tasty-golden-2.3.6.drv
  /nix/store/lh7i31scqqxf3y73zxfl46agv89flyf5-emojis-0.1.4.1.drv
  /nix/store/xfqwqpl0g0s2v3sq5llnk9q36a3gbwbw-safe-0.3.21.drv
  /nix/store/08w264w0wl50y83r5ziy9jbdbh8rrzq2-doclayout-0.5.0.1.drv
  /nix/store/s98izgb1d9f058cm28jvgqg5cxfygp7f-python3.14-curio-1.6-unstable-2024-04-11.drv
  /nix/store/i815b5rfqnp5krspds3j4appw9qh648s-python3.14-sniffio-1.3.1.drv
  /nix/store/bh6is4c9n04zvr1kvrwz0b4f274wsm7x-python3.14-sphinxcontrib-jquery-4.1.drv
  /nix/store/41sk6x6zxr0wdllyfx398b7y3q69w1pj-python3.14-sphinx-rtd-theme-3.1.0.drv
  /nix/store/is0i3jzns1cjkqj1xjsirgy4c87hi07m-python3.14-sphinx-hook.drv
  /nix/store/s7gwsabs5r41crvp5n08bdksdr3lsxjs-python3.14-uv-build-0.11.28.drv
  /nix/store/khyh2mjsb3ix36z0h97ph5zv94ig8bb2-python3.14-cryptography-vectors-50.0.0.drv
  /nix/store/sdmfs36fqgif2lil3mzh4c60kq019f2g-python3.14-cryptography-50.0.0.drv
  /nix/store/qydxdkix20casrl2bwz8368374anxy65-python3.14-pyopenssl-26.3.0.drv
  /nix/store/0ybsjw33q9qff9l75vfhb52bsxvk6iki-python3.14-service-identity-26.1.0.drv
  /nix/store/n8xf4aa0zfsd8mypmndyc5zkxy7fy7h8-python3.14-trustme-1.2.1.drv
  /nix/store/0b0mjzd8a2iq30rr6f7mvziaa6si4bvi-python3.14-trio-0.33.0.drv
  /nix/store/0b3fycrim23hk3gwk1c1vmshkwis30j1-setenv-0.1.1.3.drv
  /nix/store/0q2hk7dsgisq27kg29yf4l0m0ymximyp-libwebp-1.6.0.drv
  /nix/store/bmjcsz4j4xs6c7s4bfkas9gxsbgz0kkp-fonts.conf.drv
  /nix/store/izixiraglmkxa463njbclwi0mnpvd4gx-harfbuzz-13.2.1.drv
  /nix/store/y3zw8ki3g2l41fknkf9y33knldb3k5hw-libxft-2.3.9.drv
  /nix/store/jcikvajh7976hdq5z65lmqzbahsb5j0d-pango-1.57.1.drv
  /nix/store/72xag2j7p8w615pjqqk1lshqjb1ga3aw-gdk-pixbuf-2.44.7.drv
  /nix/store/1aa0w99va1jkxfbkavc3s24s75shd0iw-libavif-1.4.2.drv
  /nix/store/sr0h69ri3dg9ykkjr3cxk7izwfb8hcwl-gd-2.3.3.drv
  /nix/store/kq8wk38a8hyhfrshr3zv561gfcy6rh91-graphviz-15.1.1.drv
  /nix/store/bi61vknj2ifs322g9n9qmwxf0dx70bnd-flac-1.5.0.drv
  /nix/store/3qhdqkhgg40a1h2qrgw15ahq63icvh3q-libsndfile-1.2.2.drv
  /nix/store/b7a1sccn1r3rbvavjsbxw9pvl62qpy5i-libpulseaudio-17.0.drv
  /nix/store/gq3b80bivhnjgpfh5d5wa60iyws1f234-graphviz-15.1.1.drv
  /nix/store/28pv9ybva15k0z3gb7ajzsmgynf861q7-wayland-1.26.0.drv
  /nix/store/gn3xzvmd4pcxbgxkyf7wzhw4pfhh426l-vulkan-loader-1.4.357.0.drv
  /nix/store/j66pwcyhw2wc4ccc1ks532mx0c14zidj-ocl-icd-2.3.5.drv
  /nix/store/6dz71ps8jnqb9cr4zv7fnynpya0642nc-lcms2-2.19.1.drv
  /nix/store/kj5g2l1ii6rcil16n0mdv4f3hihn8zkz-openjpeg-2.5.4.drv
  /nix/store/qz30zbam56naas0wzadpn9vgq6i7kixr-libsamplerate-0.2.2.drv
  /nix/store/926yjqr2a2n02m67ccgvvdpsa5w8fjfz-libjack2-1.9.22.drv
  /nix/store/mgnbwqwbgadn6x7hayqhhdyigiiw4lf1-mpg123-1.33.7.drv
  /nix/store/spwyrcf3jswbvmqa7iwwlvqr222rwspw-portaudio-190700_20210406.drv
  /nix/store/nf34r02b5bd1wfaajc2if34lp7vclhc0-libopenmpt-0.8.9.drv
  /nix/store/q2flg35lsjnilimp5gi1psnwh34p650h-libbluray-1.4.1.drv
  /nix/store/g6ma89r3qc7q6xn3fwjl5iwgij9sdyln-wayland-protocols-1.49.drv
  /nix/store/6s5lxm7hkdbyb4hllciz68q2pca3wgw1-libxkbcommon-1.13.2.drv
  /nix/store/fank0408bapfn00bck5pqagc1pf126hq-libxmlb-0.3.27.drv
  /nix/store/k6ird3krzh58fyms1bxw96jf3k8rxqf0-gdk-pixbuf-loader-loaders-wrapped.drv
  /nix/store/jr1ccafn51r9f2bql13aisacywjisq89-librsvg-2.62.3.drv
  /nix/store/cl42cwllgqz3wh02gb89819ddn1m9dmx-appstream-1.1.3.drv
  /nix/store/6mxhr7f7sajwmvicvyw836vqhm0z0yx4-cups-2.4.19.drv
  /nix/store/9dzrg1wr7fv870smm0dvzr1skysql3bx-ghostscript-with-X-10.07.1.drv
  /nix/store/7xpv58q40d1w2jyvck3v0a86wilz0hsr-fonts.conf.drv
  /nix/store/aq3hdk548larwcygqryq3qhrlr1a1ysa-xterm-411.drv
  /nix/store/dfkfqg14c3qsq4y2sbqclnm9gmim98h0-xvfb-run-1+g87f6705.drv
  /nix/store/rni5529w190v2q92hwaxjin51dy2gyjd-json-glib-1.10.8.drv
  /nix/store/p9j71d3bkqcwcwyfgalna2yh88idc591-hotdoc-0.17.4.drv
  /nix/store/bh36grwjfrda4cqxpyfb2ah6pwhiqh87-gstreamer-1.28.6.drv
  /nix/store/lm4yc7qwb3221hln70pn797ynj55jq6v-python3.14-pycairo-1.29.0.drv
  /nix/store/afqjr7m8xrl31fx9v11967sppylhqqdn-python3.14-pygobject-3.56.3.drv
  /nix/store/d3c54a7fac674ml262ff1ms7w542pzra-python3-3.14.7-env.drv
  /nix/store/sxzaxv71n1ldb2c28zni8vgag3sfq07p-graphene-1.10.8.drv
  /nix/store/gc8xfg7hlp960f9i54n75rr6h5xqgjrv-gst-plugins-base-1.28.6.drv
  /nix/store/iln6hr6lv6bqva2vfn447b7554xnbyjs-libsoup-3.6.6.drv
  /nix/store/q7yc60vmva1s6awi51shkgi5w8khq1zg-gssdp-1.6.6.drv
  /nix/store/m6l9bgqx33nbzmbn9b633al52z25n2ki-gupnp-1.6.10.drv
  /nix/store/nn5l8rf3lp3vcy273i6q0d6m3a28scwj-gupnp-igd-1.6.0.drv
  /nix/store/0fyn9l47jlxjv3jxgvisv4z2vbjrf1l0-libnice-0.1.23.drv
  /nix/store/1l5dd6babqcb34bf23ykl5fqv2kwcxq3-serd-0.32.10.drv
  /nix/store/2yp502hbsh9x6lszignfan3c3aqs97p2-libbs2b-3.1.0.drv
  /nix/store/3b74w391k1m42ccb9x101xyx2jjqy4s0-sbc-2.2.drv
  /nix/store/5126157yvbjnk9yh02d7sn7r5wwfymin-flite-2.2.drv
  /nix/store/wcwdj8yahh8k93wr7avhi2bxh78hkrgp-libass-0.17.4.drv
  /nix/store/8559fx1yjqq94ndjhp2m9bdr8hixi350-swtpm-0.10.1-unstable-2026-05-21.drv
  /nix/store/3simavm3i31d7z37i430d5spc22cwkyh-lua-2.3.4.drv
  /nix/store/8wxij78gr3b8g79yfb019zw250qig6ld-isocline-1.0.9.drv
  /nix/store/6z959iahrrld6dpbs27hgb8lmpg8qhcq-lua-arbitrary-1.0.1.2.drv
  /nix/store/f12snb73wjwwfyznrh1773jynjvb2qaa-hslua-core-2.3.2.1.drv
  /nix/store/78044ic0nzv1i9k09mxd6dqcxpjj8qr2-hslua-repl-0.1.2.drv
  /nix/store/m4zrpb3ynp9v4d7qq1802jnqmimfiycj-tasty-hslua-1.1.1.1.drv
  /nix/store/flz4l5ggvqqra30mmqxp44wshbxbxx2m-logict-0.8.2.0.drv
  /nix/store/1iiiyd9l651n169hf7kdn760x7xlpq29-smallcheck-1.2.1.1.drv
  /nix/store/70h5dvsdfv03l0wdvnd8vj6qkya6cxi4-tasty-smallcheck-0.8.2.drv
  /nix/store/f50y2iqd4hrfz6jfnl719iwipph1rqg4-integer-logarithms-1.0.5.drv
  /nix/store/2330524z8sl0j778jsrgl0gi1mp8vb58-scientific-0.3.8.1.drv
  /nix/store/4xks0lpv83pflvhqphmw4fms451s0kxw-data-fix-0.3.4.drv
  /nix/store/ny7nih0gxr7wk6hr8ipfz4c2spaj153j-assoc-1.1.1.drv
  /nix/store/k5ymn39qr31shd5hfnclphizsf330xb4-these-1.2.1.drv
  /nix/store/5n0hgpkzgmrbik1lrrddhqzzsjd2qw7c-strict-0.5.1.drv
  /nix/store/afb08dmprr3kbhspf7k74xyy16gzh0qd-time-compat-1.9.9.drv
  /nix/store/b7xdr96jg47aznr9h5kdc8v7ayqkzyqj-case-insensitive-1.2.1.0.drv
  /nix/store/g3jbgz3n1ir0jskvw2z6l737xsjx98sz-OneTuple-0.4.2.1.drv
  /nix/store/rbbqgnqbf2xabypk7m3brrfa8arrc5r4-text-short-0.1.6.1.drv
  /nix/store/qyqz0faiqc3bfcg1vk3fdsv5a7scn13l-old-locale-1.0.0.7.drv
  /nix/store/rg7ivxz6ax60659bdgsnsnakg3sbnxz6-old-time-1.1.1.0.drv
  /nix/store/v2hgff5y6rfzf26sy7xwga8s0aaiiga2-uuid-types-1.0.6.1.drv
  /nix/store/nxb7fs0irj04lfcw3wk5j50i7hz5y0bi-quickcheck-instances-0.3.33.drv
  /nix/store/sbj75j1myzrxlwdf657pgc11h7rpgsjf-hslua-marshalling-2.3.2.drv
  /nix/store/4al6vmm3db8dzlcwgw5hgwpy62ss2bwz-hslua-cli-1.4.4.drv
  /nix/store/5810q8wjirn3sacw2gbc1vxfm9xi0b42-happy-lib-2.1.7.drv
  /nix/store/35xvww3298zyh8vfhvif3rs3179a67ms-happy-2.1.7.drv
  /nix/store/absjfnx9frxmqcmwj5nfx5xjaq75cjaw-alex-3.5.4.2.drv
  /nix/store/ri67wbkqvj1amfxm3r2k183gsi90pznf-markdown-unlit-0.6.0.drv
  /nix/store/5dqwkhkxviw8pxa6ffd52nn1wczv3xhy-toml-parser-2.0.2.0.drv
  /nix/store/4gskk02ra2iaqh422rr7qm0gmcym2pdz-Only-0.1.drv
  /nix/store/gaxxp6ihd4rjz606sj54c329v8q4nk79-quickcheck-unicode-1.0.1.0.drv
  /nix/store/qrxh27jsf3br08jinjjyskhdl5lns04v-attoparsec-0.14.4.drv
  /nix/store/7zxwd06bg69q16h31md4jngbsah6bizy-cassava-0.5.4.1.drv
  /nix/store/1na5wbzkg3ri23ap36fhw7znc4xpch8z-utf8-string-1.0.2.drv
  /nix/store/m1m7v69zikzainpnmmwa2h7crvnnqc4z-Diff-1.0.2.drv
  /nix/store/cxr6pj0n9r8n1akc45z48hsq6piz73g9-clock-0.8.4.drv
  /nix/store/wzmlncaalq96kk1y8zygk4ssscdw2jmg-extra-1.8.1.drv
  /nix/store/i0b29lvv0y2ib1sq2cvs84kvy953aa4j-ghc-exactprint-1.10.0.0.drv
  /nix/store/610i2b848flvp4kf857b2jn4qcp9bmsg-dlist-1.0.drv
  /nix/store/pa9gp4k8mqwsch9vavn3nlaijsglki2x-Glob-0.10.2.drv
  /nix/store/37syp60rjd2ssl692gdfss4s8l3wiz6i-doctest-parallel-0.4.1.drv
  /nix/store/8a4i3qw6gwizhlniwbal1rx2wcd3gxqd-regex-tdfa-1.3.2.5.drv
  /nix/store/i2gl6x0hhixnq5bbnl8l0adxpflajxa1-ordered-containers-0.2.4.drv
  /nix/store/m40xikf3lxpb7gggl6pfl586xngx15wg-libyaml-clib-0.2.5.drv
  /nix/store/s3nxifrqqsjcnqlw2az2zmw83iy80pw7-resourcet-1.3.0.drv
  /nix/store/dak1kbkw35frdpnz89l4rp8p734k58ad-split-0.2.5.drv
  /nix/store/ib2bi1znygwyprxabjv8mb8plv5d7pxx-quickcheck-classes-base-0.6.2.0.drv
  /nix/store/6hhj578knhpchm44chhivf63bvyijv06-th-abstraction-0.7.2.0.drv
  /nix/store/b3r77pnh15341k89f1ddnmqlqmvgyssq-generic-deriving-1.14.7.drv
  /nix/store/jwp45q45mfjpgcvswq2782h7rpz4lxc5-distributive-0.6.3.drv
  /nix/store/xzp4iddl4d5hc7z8gzxzkwkz2fxcah46-indexed-traversable-0.1.4.drv
  /nix/store/8k9nz3xb0s0va2hwiwrg1qjnij4m6dc3-comonad-5.0.10.drv
  /nix/store/fa60arfq5ic2jzrjd6y04mxrm44n0jdz-bifunctors-5.6.3.drv
  /nix/store/2nskl8d08xai404m05hjlv4rwv3pb3m4-StateVar-1.2.2.drv
  /nix/store/inwaf1f0z19araa9dinp797sns96q749-contravariant-1.5.6.drv
  /nix/store/da08f5g7fhlsdh5wfy04j9r3jj9sflpr-semigroupoids-6.0.2.drv
  /nix/store/dj5hgdqi6pzb3364v412x5b33dn5ablj-semirings-0.7.drv
  /nix/store/i9mmziqkjvh4f5lwds75i8jravxqzf1f-primitive-addr-0.1.0.3.drv
  /nix/store/fdih7vyid5d6579c0j5yd3dj5ibb2g33-integer-conversion-0.1.1.drv
  /nix/store/4gp0cr64ijily06xwvfrdzy5ricblyi1-text-iso8601-0.1.1.1.drv
  /nix/store/dl0ks2qfm0i08lsb0lvcgh0g71jwqvb9-generically-0.1.1.drv
  /nix/store/hviz3ad6lnd21jxswgf7rggsi4x5jh2g-character-ps-0.1.drv
  /nix/store/lmqrzj4p2wb0c6cw1vi0lj1s00804iib-base16-bytestring-1.0.2.0.drv
  /nix/store/jb8c94py9kca2rg81ifh40a1wczkbs93-th-compat-0.1.7.drv
  /nix/store/pqm09vicshlyck06rwhxgzccwafva058-network-uri-2.6.4.2.drv
  /nix/store/2sjahrzqfbv1wj2cbnmcpahsqr04sr0i-indexed-traversable-instances-0.1.2.1.drv
  /nix/store/sc5zkps8wmxm0wcb2fd5c5ygwlbz3388-witherable-0.5.drv
  /nix/store/xwki0h17irz2hgmvfvl378ir7d9vdyaq-semialign-1.3.1.1.drv
  /nix/store/rksw7gq6hbv2kx1m55nrlp5l10l9rip8-aeson-2.2.4.1.drv
  /nix/store/qi2a24njdip8mhz1jl3rcl68ns62lsp8-quickcheck-classes-0.6.5.0.drv
  /nix/store/2dfgr2nry7170xj7950grjzjqwx9l2ni-bitvec-1.1.6.0.drv
  /nix/store/mzibzcqq269pp6fdrl1fnh8iq7gzcw2j-vector-algorithms-0.9.1.0.drv
  /nix/store/s1lmv8liw68sq2lvjg0d01hwb7iklg8w-profunctors-5.6.3.drv
  /nix/store/zzjdz7gq3bqa5ac81jhr9zaqirixl7fm-foldl-1.4.18.drv
  /nix/store/4wqkrv0rk3z72p12dcvbcscyd6zn1vsj-mono-traversable-1.0.21.0.drv
  /nix/store/vssximbgpgn1n9hg48rlf3fiz4f1kzf6-void-0.7.4.drv
  /nix/store/vx5mqfi3h84gqyg057imnjln323w41j9-safe-exceptions-0.1.7.4.drv
  /nix/store/yyl00acqhh1sdj7xa992s4j4qyz6g6f9-unliftio-0.2.25.1.drv
  /nix/store/w829lyzfs94syxxhc9d4y9z3l6vd5dxb-conduit-1.3.6.1.drv
  /nix/store/2ch8jza7frzlmm72qmm60wvc0znclm8k-libyaml-0.1.4.drv
  /nix/store/x1l4qdgrg249j1svf37fpqkvhqh87k6c-raw-strings-qq-1.1.drv
  /nix/store/k8ydbqx3093bnqhbn193w9ifdjlaslnl-yaml-0.11.11.2.drv
  /nix/store/ljq1dbwci8czghmk8r438iglac74j2dl-typst-symbols-0.1.8.1.drv
  /nix/store/8r4hlalaf1pljjpqa48yqiny70w05z0i-xml-types-0.3.8.drv
  /nix/store/rn62y1glilf7sm5ps699shm1l2j4ia9j-blaze-builder-0.4.4.1.drv
  /nix/store/p4jxsrmc9nd87cb8800mf92lq2il3sh7-blaze-markup-0.8.3.0.drv
  /nix/store/9iwjprzl0fa0p5q03g39wxr6884mnq8m-blaze-html-0.9.2.0.drv
  /nix/store/vrg2amx73a4lbzzlqq7c4gd5zi6j5jgz-zlib-0.7.1.1.drv
  /nix/store/w46zjlq9yq6f10wdn8jwddjc1hnbxnr9-network-3.2.8.0.drv
  /nix/store/ag8s8zpi8iirzlpvdw7jv9kbqj02kwzg-streaming-commons-0.2.3.1.drv
  /nix/store/kwndk3zqrahnav8p2ibvi52f1rslq1hp-transformers-base-0.4.6.1.drv
  /nix/store/9zklcvibj6yi3izkdyk0ww2za2qkgxk1-conduit-extra-1.3.8.drv
  /nix/store/m08mh0z3wk91im77gipm5f9r3874fr6m-cabal-doctest-1.0.12.drv
  /nix/store/wgczvqhiglz960qh3f9wmgr55zra4a4g-xml-conduit-1.10.1.0.drv
  /nix/store/yj3w8wa0ajhz4gw17zlgr2mbc0v3pyal-pretty-show-1.10.drv
  /nix/store/az9ganmbaclckmkf6jca4chdxnaacy67-typst-0.8.0.2.drv
  /nix/store/0xraaqjqdxcdlvdlj6vfad9id562gzib-word8-0.1.3.drv
  /nix/store/67m9405jwrqd9sj771mq6y72mj9y7h36-tasty-kat-0.0.3.drv
  /nix/store/k9m966mdp8z3w9zwcai3bb7b62rrjghv-basement-0.0.16.drv
  /nix/store/nqjxgd7fjvlkyn5a1m0nfkk61wmfz441-foundation-0.0.30.drv
  /nix/store/lnbwr57lipn1cr1nhgfyxl3i187hfxwy-memory-0.18.0.drv
  /nix/store/4c8ndcjdzn2l21r4zpxqlygrhing7f3m-crypton-1.0.6.drv
  /nix/store/gsfdil9xjcw0hl0iwjbxk96f2ig1mxb7-jailbreak-cabal-1.4.1.drv
  /nix/store/vqkc7bxad98ckvjcaxjbiz1ada1smy85-hourglass-0.2.12.drv
  /nix/store/5wfbbw54sjbxrpv3bzin3yshcisjrb74-asn1-types-0.3.4.drv
  /nix/store/wy2yk1k0sn86xfgb7rph68lhbmhc2r32-asn1-encoding-0.9.6.drv
  /nix/store/f6g52j527fzhrvwih7n3miyfkqmnbd5p-asn1-parse-0.9.5.drv
  /nix/store/q79qc6b54m7vyr5h79zfz9sd6cqilgcp-pem-0.2.4.drv
  /nix/store/1gxsrvwgn0i6s3q1zkhmnjnz8y54d4pm-crypton-x509-1.7.7.drv
  /nix/store/6j39c3rdaqjgfvn1mc62np354gx6vjfc-recv-0.1.1.drv
  /nix/store/kn5bi8zikgn0f9a9g1hcfl8xbqlqn6ni-http-types-0.12.4.drv
  /nix/store/p3wdzqisy43ldb24znq8svgn58ll7wk5-vault-0.3.1.6.drv
  /nix/store/7yb5j882h2imj8knzmsp6kwkjyaym7fh-wai-3.2.4.drv
  /nix/store/i26l614crd9n5h0c72kzj9qa19dyyh59-terminal-size-0.3.4.drv
  /nix/store/44p5fsb5jw9dws3z7vlszrq1xnmhd34z-concurrent-output-1.10.21.drv
  /nix/store/arzlnyad4f1mzf7sc87hdgvch88292p7-erf-2.0.0.0.drv
  /nix/store/d3bm3gaqsl64lhv9v3047knx4yhqzwj2-barbies-2.1.1.0.drv
  /nix/store/lcbvzdplg8lmx0kgaq4c7w42j5y21r3x-wl-pprint-annotated-0.1.0.1.drv
  /nix/store/zi6y01z20jgwpg19ayrri4dniczfr1vi-monad-control-1.0.3.1.drv
  /nix/store/8d8mafhgv7j9z47fhnvq9k6wbf4pra23-lifted-base-0.2.3.12.drv
  /nix/store/5k4vihsn2drxlx1flfch0slmghp1yh0c-boring-0.2.2.drv
  /nix/store/zjvfzz7k46cv02hrxwwr0rm94bnz2rvf-constraints-0.14.4.drv
  /nix/store/sqg62y1nmd22jsd8y3ipq16891dcahfm-lifted-async-0.10.2.7.drv
  /nix/store/xmvh4kxznv0giys2cw1nlqmd7z8mf4hq-mmorph-1.2.2.drv
  /nix/store/1ckvk2mjkspz481d8drjvz2mqsvqfk5f-hedgehog-1.5.drv
  /nix/store/5y3n0nhpfyki1g7acn94rvjxrh8w84ic-tasty-hedgehog-1.4.0.2.drv
  /nix/store/ad3vw0r65frjr4kcfr1xmj9ma7pxninb-mtl-compat-0.2.2.drv
  /nix/store/1fdw0jq58lhnrb099m8ikzhbs4a2xb6x-retry-0.9.3.1.drv
  /nix/store/s02niyd1yfvj7lv22y9z98yxwnmx4b1h-auto-update-0.2.6.drv
  /nix/store/9vlnxfsdaillxdaipw0psx197r8d7xr7-time-manager-0.2.4.drv
  /nix/store/275mkby5ybqfcajwic6sr5j6y3i9hjvw-unix-time-0.4.17.drv
  /nix/store/w4h244qnilcjmc1hsw9l6wsr6iq6ggdk-pretty-simple-4.1.4.0.drv
  /nix/store/1ivfcp7p15fgl1f45b64xllqpygbk2bj-network-control-0.1.7.drv
  /nix/store/ccglb22xpv0gnahxca71s9lmyj8mrbww-network-byte-order-0.1.8.drv
  /nix/store/0kx2gm8c7xfk32c4kmf4vf6mip4cd2ic-appar-0.1.8.drv
  /nix/store/m17pmfad23zliq4m3qfpnwnji69xd6z0-byteorder-1.0.4.drv
  /nix/store/l6bx7cxgp2zaqif1dc22rsmgjvzzxj58-iproute-1.7.15.drv
  /nix/store/nlqgf3fgq9596xfwm83wycxdb1kh9f5w-http-semantics-0.3.0.drv
  /nix/store/p98s056dwc4y1zrlwhd5ddwfqzcdvpax-network-run-0.4.4.drv
  /nix/store/6n99ar2rymyb02f4afy8w5ins5hlrj5s-attoparsec-aeson-2.2.2.0.drv
  /nix/store/7g8k5dz6qk1nbdgq7qb979fy9x6v09vb-cmdargs-0.10.22.drv
  /nix/store/yfbwk4rzp03ag4ysnkg04ixb53yhcr8b-aeson-pretty-0.8.10.drv
  /nix/store/bj24qj3bj01yhiq64329yhxfwbjh5yzx-http2-5.3.10.drv
  /nix/store/hjxx3giga49mzkpba5j1sx6w26lpsskc-easy-file-0.2.5.drv
  /nix/store/il9qbq7zj9sazyqdmzij4ssizay5dil1-simple-sendfile-0.2.32.drv
  /nix/store/kp9sz16hpkwqbnndw7sdm34bwyq87vf1-bsb-http-chunked-0.0.0.4.drv
  /nix/store/x243w3csn76rn2a3yll95ag9i2vd8wkm-http-date-0.0.11.drv
  /nix/store/gw2pj2qr57xmjl3lm1s0c17bkgdrlalq-mime-types-0.1.2.2.drv
  /nix/store/y5z922jl7pmiwscqfpagm15f71kkbrlg-http-client-0.7.19.drv
  /nix/store/gdxam0zc2hgwc2c7dqhac969p9lzhh01-warp-3.4.9.drv
  /nix/store/2v2bz6xlp6ipn4z3qikykb9wkqwda1xk-should-not-typecheck-2.1.0.drv
  /nix/store/lx9w2085b19yi4fa49spvqsfbagbdnc5-sop-core-0.5.0.2.drv
  /nix/store/plj7q6vyfm8xr781xvcz5ny21xjmqzpr-http-api-data-0.6.3.drv
  /nix/store/rk86jiv6rm6q0apfkfzadwg88qmpz0wl-http-media-0.8.1.1.drv
  /nix/store/w204d8jk42hacayb6bw72gd30md1msvc-generics-sop-0.5.1.4.drv
  /nix/store/77zkr95vfv4m33y4sk7fhmi9qaa8js5c-dec-0.0.6.drv
  /nix/store/xh4swfa8sbfl2cwaav2hnvcik9n4qjms-some-1.0.6.drv
  /nix/store/x9d9w1fxgjdaw34sb0y5krzd6y8z6h4m-singleton-bool-0.1.8.drv
  /nix/store/60m3ajr28ad2421vnkmg39jah0r7hkn5-servant-0.20.3.0.drv
  /nix/store/xgad028i6x6kkqdkvkd8a7k5rcsrg11a-parallel-3.2.2.0.drv
  /nix/store/8v01c1ikgxmpgmavknm31pfvwan06g5p-monad-parallel-0.8.0.1.drv
  /nix/store/60b8f82x8djwv3w888d9s0ifgpwdl6zl-unix-compat-0.7.4.1.drv
  /nix/store/1bxyxk3amk4a2rm0kxnhzgi07hbj2plj-fast-logger-3.2.6.drv
  /nix/store/bd5fyk37npnzvc0hyz27l5kna88pbx52-wai-logger-2.5.0.drv
  /nix/store/j6naqbc8fz2n3f092vbnvj8rbkyqdkjl-wai-extra-3.1.18.drv
  /nix/store/wfgs4vg6bbikhp40bfdrk64ig6j3x5v2-file-embed-0.0.16.0.drv
  /nix/store/98zl767x7xjs32zi5q3xjkr3pf8xx2lh-cereal-0.5.8.3.drv
  /nix/store/sd4gxaklfdiippbs0cxn70rg46d5d81b-entropy-0.4.1.11.drv
  /nix/store/43ndvy5nwfh34gpd6v2v474hx2dcwczq-crypto-api-0.13.3.drv
  /nix/store/4rqrid2nlh4fvbagi8rbpdjmdvc23zbs-crypto-api-tests-0.3.drv
  /nix/store/kxw3f3a5crmk601ylmnksjnkbisnbvbb-pretty-hex-1.1.drv
  /nix/store/aby365lhxq3yvavigbl253apj8hy3dj1-pureMD5-2.1.4.drv
  /nix/store/xhxgi1xdnmalx68hq2hi45l9j9g31jzm-cryptohash-md5-0.11.101.0.drv
  /nix/store/9g9jzd6a6f08xzwkli7bvvqqlia8dmhz-wai-app-static-3.1.9.1.drv
  /nix/store/c3sahgm5ls6qrrgj4yd3l2y6yp6wc5gh-hspec-wai-0.11.1.drv
  /nix/store/1pihsb962pcckikhq25ypgx43wv5vmja-servant-server-0.20.3.0.drv
  /nix/store/776r7jgw42pwnmaiyzssd8xz8isygswx-base-unicode-symbols-0.2.4.2.drv
  /nix/store/awr1dh67q20rs7sbr4syd6mxbjidaqqc-wai-cors-0.2.7.drv
  /nix/store/pw8inkpzmr9bsl8q1k8jy6xbxsdmgicw-text-conversions-0.3.1.1.drv
  /nix/store/gppjan6gj9a1q6crvw036xz5qzxapz5y-doctemplates-0.11.0.1.drv
  /nix/store/0caa0ccgx1nn9m789vhdjpvrlnyivwn2-JuicyPixels-3.3.9.drv
  /nix/store/1br8aiwp6k9hgrlvmzm8absgp1z6s83m-gridtables-0.1.1.0.drv
  /nix/store/ld8vfhf4hflysiiyl62va97pd6zbcpwg-unicode-data-0.6.0.drv
  /nix/store/5nzq8rk2qjasg4pjl5jz67ih5h7mmzz6-unicode-transforms-0.4.0.1.drv
  /nix/store/7nvyzjma9zvl3bgil71wr6ma01fx7x6b-commonmark-0.2.6.1.drv
  /nix/store/30651h2wgdyxsl0flbppzjdcwqih6ab3-commonmark-extensions-0.2.6.drv
  /nix/store/i5537cq2yhd04f6wqaq0jgll5jdbf13c-digest-0.0.2.1.drv
  /nix/store/3pafljw23brzb6v2aqjzwg2bpfwajndb-zip-archive-0.4.3.2.drv
  /nix/store/5a4nlgp3461kar34c1bkyfsi30dg0wrc-uniplate-1.6.13.drv
  /nix/store/anr8cwfvxw5argn3bac0hd39ai8rk14l-timeit-2.0.drv
  /nix/store/mi8vkz809qp47gr3w69dpnwpc4fq3wq4-pandoc-types-1.23.1.1.drv
  /nix/store/66d5hrirbxbdbkbgjmr3azyiamdzaswg-th-lift-0.8.7.drv
  /nix/store/zcddyfhzha1mg6wv5v6hn8pgbrczndlh-th-lift-instances-0.1.20.drv
  /nix/store/vlyaai2f055zn3p6wyzkj0wlhz1zflv9-unicode-collation-0.1.3.6.drv
  /nix/store/4476gqmh4zr7wd69y1yqyf70kvi58vyx-citeproc-0.9.0.1.drv
  /nix/store/18zvfk1zn3zcyq9ijzncvxmdsji9im05-crypton-x509-store-1.6.14.drv
  /nix/store/byjv6xriyff087zcgjmggq2rxpdnayaa-half-0.3.3.drv
  /nix/store/98vv8nw0403ybwc9500aa51s05198v19-cborg-0.2.10.0.drv
  /nix/store/vb8yi8qj9qf4i0h0fsyw439fmsvkly8h-serialise-0.2.6.1.drv
  /nix/store/x1agrrd96czrwd3x4vab22rk1z0kfjyc-crypton-x509-validation-1.6.14.drv
  /nix/store/clw2nrcr4ywl3mn00sm26qhx9dhl20nk-tls-2.1.8.drv
  /nix/store/l437fpllgdjqhhg69m5wvzshgh489wba-crypton-socks-0.6.2.drv
  /nix/store/zr3c8facv9wa1qff5y4g9x96ck5dydgg-crypton-x509-system-1.6.8.drv
  /nix/store/5a70zqhf9l03qm8abdhl0g92iqg2qpfx-crypton-connection-0.4.5.drv
  /nix/store/709k8wqqq0ks194wi0vcd119war81zri-djot-0.1.4.drv
  /nix/store/9hmi9ljdmcrm7cdq20gvxnphy5bnwy8k-http-client-tls-0.3.6.4.drv
  /nix/store/1zpbc48jib1j8fq4iphiwk9ihw7rd3a0-fingertree-0.1.6.3.drv
  /nix/store/qq1miz1kpgp1i69ylprw06nl6nss6da4-charset-0.3.12.drv
  /nix/store/np80mfch9g0851v42b4paj3y5vxkynx8-parsers-0.12.12.drv
  /nix/store/71wklrdqaifp3rhwxmdxqiw1a93wjj8y-free-5.2.drv
  /nix/store/58jw1m6irx1gnjgdycgs4lvlm8ima7nc-adjunctions-4.4.4.drv
  /nix/store/rfsj150niarvii7cbidrb16pdaaa5h0j-invariant-0.6.5.drv
  /nix/store/5ggvhwhlzl2df54nmn31c7cks0lxal0l-kan-extensions-5.2.8.drv
  /nix/store/f5596nxlkmn7m23cgnym9ryi9zwlxasw-simple-reflect-0.3.3.drv
  /nix/store/g4p3vlfdd0ds9hbfgf1763snkqkpgcpd-reflection-2.1.9.drv
  /nix/store/pvv1170fgyxlfszy6452mks4djazwwlp-lens-5.3.6.drv
  /nix/store/qfcjxgkgih2z4h0383z0hk1j8pgfh2kx-reducers-3.12.5.drv
  /nix/store/iq696f4yxbyqxfkh1ip36wb9bnq4d4jr-trifecta-2.1.4.drv
  /nix/store/q8jcrkk7vrzksrjww51xyd3knmjm435h-tree-diff-0.3.4.drv
  /nix/store/b8a4lk2xjs306pnxzmpn5kjp0b65796n-haddock-library-1.11.0.drv
  /nix/store/lyfi7ys4g05chxqhj5346i8wiam2508d-microlens-0.4.14.0.drv
  /nix/store/3aysgihqc4m0bw2zx7fvqjx9jx28ihyv-microlens-aeson-2.5.2.drv
  /nix/store/bgxbzxnnxjg43mjqbi88ymii2hibm1cs-ipynb-0.2.drv
  /nix/store/d16qfsm2j60sdlj8kki4liykikdrdmn8-tagsoup-0.14.8.drv
  /nix/store/d1vm0p8pnlcyzbqc8z5sgjq19fma8p6d-commonmark-pandoc-0.2.3.drv
  /nix/store/whlzsrbf9s3v6d74j97b6w9l9kkakmql-skylighting-core-0.14.7.drv
  /nix/store/0ipkmwbvbbffppirhpslc8rz7kd2m7d5-skylighting-format-ansi-0.1.drv
  /nix/store/0vrsdfn5gqn7wxh5hna6vcqi643m5xin-skylighting-format-latex-0.1.drv
  /nix/store/7cxaphhw3hggagkmsbd9is54r6adb02b-skylighting-format-typst-0.1.drv
  /nix/store/8fqkfkzqs1cnvzjh4yyymc41fdw8z2y2-skylighting-format-context-0.1.0.2.drv
  /nix/store/api0jyg4f26ypi0j3vyc2qfwvxb2n1lj-skylighting-format-blaze-html-0.1.2.drv
  /nix/store/l6rmhpcfnhwjq9vw2cnmqnfaq584rlkm-skylighting-0.14.7.drv
  /nix/store/n17y1ccvaahhxfq96zkpmgq58db22mw1-texmath-0.12.10.3.drv
  /nix/store/p61gs595zaypwbcj9p3xvvh4xyac36dn-jira-wiki-markup-1.5.1.drv
  /nix/store/h01zj04naiyqxrnd1z5vrfvmk6p5zzfk-pandoc-3.7.0.2.drv
  /nix/store/gj7xw3gj013afw9ridl540qz4q343d20-pandoc-server-0.1.0.11.drv
  /nix/store/9rv6z8hm669jz9igbdly7pl70mr9r5al-hslua-typing-0.1.1.drv
  /nix/store/8b1mpd9hnrjranxnnh5yghi2iysa3rya-hslua-objectorientation-2.3.1.drv
  /nix/store/3rj2g9qaf9njw86vrr8gyhrp41lhmbls-hslua-packaging-2.3.1.drv
  /nix/store/a60icp5wfbgfkj1qisfqzsh6wc50qwn0-tasty-lua-1.1.2.drv
  /nix/store/1xjqndw1cwkb5zfkkr5a425zs3ski0w0-hslua-module-version-1.1.1.drv
  /nix/store/rgg7w15hvikh1r4m47irxjr26nkgg1m1-hslua-aeson-2.3.2.drv
  /nix/store/z0gyh3xpzq014gwv5q9ins9f75jvl9qz-hslua-classes-2.3.2.drv
  /nix/store/qx25kdajfanhhml28cng356v71xgnsny-hslua-2.3.1.drv
  /nix/store/45hj0g0hmmkyli8g8r7a755g95s9lg0p-hslua-module-doclayout-1.2.0.1.drv
  /nix/store/s6829nq3r32507r751jc1rbf4l70jzpl-hslua-list-1.1.4.drv
  /nix/store/5swh7kks3fffd30gvmk8s3zpsgfabkq7-pandoc-lua-marshal-0.3.2.1.drv
  /nix/store/6pq5xfgjiqs42b9cw0yawawpgwc3h9g1-hslua-module-text-1.1.1.drv
  /nix/store/fg6nl3dpxwddkby8x55m564kgdfiv4ks-hslua-module-system-1.1.3.drv
  /nix/store/87g497hnnylikci6i2a3j38j1y3pj56r-hslua-module-zip-1.1.4.drv
  /nix/store/fw160xpl6fiy65c39jxz9zpcdhglivfc-lpeg-1.1.0.1.drv
  /nix/store/pjk7v4bpyvafqckclmkncqlghpkk5pf7-hslua-module-path-1.1.1.drv
  /nix/store/vyi5x3269i9s5f4x9n3zfxiz1gqdpyih-pandoc-lua-engine-0.4.3.drv
  /nix/store/i8y0i0rky9wnmfjq6sic3rp8q7hdh31i-pandoc-cli-3.7.0.2.drv
  /nix/store/cqy6v4yq75rc2h7amnivjcbx3fvn77z8-rdma-core-64.0.drv
  /nix/store/qprhn2j7zasz22scs3gc2wj0g9ddfn4a-libpcap-1.10.6.drv
  /nix/store/0y6z96fb1qazc6m0bdsxmslp69gw0n6w-iptables-1.8.13.drv
  /nix/store/kq445791rd7wd10y5ksq3j1h38q5whsw-iproute2-7.1.0.drv
  /nix/store/xaz7svmwj7dvsdgilnlk507jv20l1s92-tpm2-tss-4.2.0.drv
  /nix/store/xi50mgqlxl6022ywgx9lwh29ysn8xrkh-systemd-261.2.drv
  /nix/store/m3z25h5qjn5cz0b030fpq9vz7vhw4n6x-ffmpeg-headless-rpi-8.0.1.drv
  /nix/store/6hp0lva53gx6igp182pglfslkdpksk5b-chromaprint-1.6.1.drv
  /nix/store/lhz7a2kri2jbh7rbxji50n80qncs23n0-sord-0.16.22.drv
  /nix/store/i9k2k1sq5cppdrpfxdl07ns4a7i3vna2-sratom-0.6.22.drv
  /nix/store/7rbckk1ln126zyypy5v37lx8fxcv16ig-lilv-0.28.0.drv
  /nix/store/7xw673sfyw0bhdx83cgciim0qnainnmj-fluidsynth-2.5.6.drv
  /nix/store/x44gycfxfshzfnxi83wkq3909wwpis9r-libao-1.2.2.drv
  /nix/store/gq60vhvd5bvz8q9sabxjr77sagag4kii-sox-14.4.2-unstable-2021-05-09.drv
  /nix/store/qc9pbmc98ayc9b1jrxqr8419dhadnlns-netpbm-11.15.3.drv
  /nix/store/bgi9bsd2wqs446q4988z1z6fq37fb4hn-spandsp-0.0.6.drv
  /nix/store/dbxargsjhclj8naz89dpafwqbsad1fkq-libva-2.24.1.drv
  /nix/store/wa1y5zzg26mjaj908crwwh4fabd72np9-umockdev-0.19.3.drv
  /nix/store/h00pi5d28j5fk27m18ngzjxrsca6rd59-libgudev-238.drv
  /nix/store/897dchp10ibqv57p8csvn5h653c8dqdm-libcanberra-0.30.drv
  /nix/store/jxi2ih3415cf21lk8j5q6qbacsc4kqha-fonts.conf.drv
  /nix/store/9cha4pqjhm7jsx6hz8syzra6051h62ss-libcamera-rpi-0.7.0+rpt20260205.drv
  /nix/store/s3s8w2wjmc64lp6c3ihahfj3y2jmwvqf-python3-3.14.7-env.drv
  /nix/store/8mzw0bj5xaksjw22iq0ln5v8h2jd0lvh-libical-3.0.20.drv
  /nix/store/jv11xqmcs8lb3b0ks390pp63yxfinnwk-python3.14-pygobject-3.56.3.drv
  /nix/store/j69myic5qlif1pkksnnmihiqr5wzj0d7-bluez-5.87.drv
  /nix/store/0h9njdpl8wh30pw6klmb8k6yrvy0lixh-libmbim-1.34.0.drv
  /nix/store/mjbjjqc0j9yjl8bg2zzs1n8n9wjh3yc7-python3.14-dbus-python-1.4.0.drv
  /nix/store/pixb5hn50pv0zpkf0fjx0lsk444sr3wz-python3.14-python-dbusmock-0.37.2.drv
  /nix/store/sx3k88v957kmraz1b0n56cn4swv2adp0-python3-3.14.7-env.drv
  /nix/store/plw5yj0x7md6yrvdrx87ipsjqngv26ih-polkit-127.drv
  /nix/store/w6mfbdn6w8dqi5118s5mgdn9jmzs7ki0-ppp-2.5.2.drv
  /nix/store/54a3j2vkvf6qmxq5g1cxhx2dfi4lb97q-libqrtr-glib-1.2.2.drv
  /nix/store/ywlxfiq4q4yg3dw8icsiip5jbal5pclg-libqmi-1.38.0.drv
  /nix/store/rzs1xr478h9irn0paf7fyyyif2g1wwb5-modemmanager-1.24.2.drv
  /nix/store/l2blz155ka5gx9ws2drkr37mpkcq912n-python3.14-sphinx-autodoc-typehints-3.12.1.drv
  /nix/store/bk5r1jxhm5c337xpcbbl187l56srdhpl-python3.14-typeguard-4.5.2.drv
  /nix/store/qam8hq6mf45hbnip9hi5r1184gfhhw78-python3.14-inflect-7.5.0.drv
  /nix/store/m2cx2h0l5qvvqbjc59jvw06hnbljm8ir-python3.14-jaraco-text-4.0.0.drv
  /nix/store/r2jjf894lsk8kgmmmvn3dbm277sqcacc-python3.14-jaraco-collections-5.2.1.drv
  /nix/store/db3b2kgjh3hdcx16vaa78hk986skkphq-python3.14-sphinx-basic-ng-1.0.0.beta2.drv
  /nix/store/wgj2m3fn1c9yjd26paxfrryw0y26j417-python3.14-chardet-6.0.0.post1.drv
  /nix/store/svzynwdm2n4yxr8h481njbm4ky45jjj7-python3.14-beautifulsoup4-4.15.0.drv
  /nix/store/qjnhh6hj0700y6y5cv3kvq1zlzrxk6r0-python3.14-furo-2025.12.19.drv
  /nix/store/g8ydj35cm9ab2f7swvchmq4gr2ry90na-python3.14-pyproject-api-1.10.0.drv
  /nix/store/v9q3fam88h0jb77mwp1d27nccphaxhzf-python3.14-tox-4.34.1.drv
  /nix/store/zb8c5c7330kpw90c35yzkblpaxg1zlz3-python3.14-jaraco-envs-2.6.0.drv
  /nix/store/q364lg5s6kja6d2qibzg5wiwql8zdxf7-python3.14-distutils-83.0.0.drv
  /nix/store/2l43slg02nc1qzzj14kfwx6gm53vcpc4-python3-3.14.7-env.drv
  /nix/store/3gjhrsbfrdws6jw16kvc5js6yw67k4qh-python3.14-distutils-83.0.0.drv
  /nix/store/ha7a97jh33wsr5s18minlhpz38wzrd2x-scons-4.10.1.drv
  /nix/store/s5jv7bn8hhq9z9w16xzqskc47jqdc744-ffado-2.4.9.drv
  /nix/store/wlsp4bp4jj8ij2zmjgmm730n92810m88-roc-toolkit-0.4.0.drv
  /nix/store/w7cxkj3kl9x3kikjpk7mzz3gjxqmyj1x-pipewire-1.6.8.drv
  /nix/store/irl7g1mg1rj1khihvdxcs5lbf7alp7dn-openal-soft-1.24.3.drv
  /nix/store/wm5cqbm8qxnq6nn3kybj9j23349kjbdr-libsrtp-2.8.0.drv
  /nix/store/94mijj6r83qgm122y6mn4fpwllr5hskc-gst-plugins-bad-1.28.6.drv
  /nix/store/nx7sh7c6mwnm89w8pwvjxy10na43ga9x-tinysparql-3.11.1.drv
  /nix/store/xd1rsk2v1a0zpsb93qnnyjpykmz7bdnn-gsettings-desktop-schemas-50.1.drv
  /nix/store/w5pkjmsqxpmfgzdlcvgh1dqf9vjm5wmm-gtk4-4.22.4.drv
  /nix/store/iic23kkkskm00gvk0f5f3y2p4s2xn851-at-spi2-core-2.60.6.drv
  /nix/store/r9ddjikkrw4iyxm71rmqg30pqhy8lhgv-gtk+3-3.24.52.drv
  /nix/store/zqslaxzqs5y9y6cc1xv59512r1m54k2v-adwaita-icon-theme-50.0.drv
  /nix/store/kb1gnaczk0kkc4a7lpg91abiljpbw1y0-libadwaita-1.9.3.drv
  /nix/store/s8rw5pcrwnrwfh7yhjxh6cdsl96qk0ii-wrap-gapps-hook.drv
  /nix/store/bi1h4qwqws1r838m1avnfa9lpxk74dyg-zenity-4.2.2.drv
  /nix/store/5yq2y28sx76wscpag9y2a3ll10m6v9pq-fix-paths.patch.drv
  /nix/store/hxfwy118ji3a5gv3jqy1j6f0b45jbc8a-ibus-1.5.34.drv
  /nix/store/r3d8l4v5vg1x882bjdp9la4wx761636j-libdecor-0.2.5.drv
  /nix/store/zcv6ws25bswfn74abx3wcz7majadlnww-sdl3-3.4.16.drv
  /nix/store/srvlhx79jxpj4k48fwhrk990mvj98732-sdl2-compat-2.32.72.drv
  /nix/store/0bgmhbhbk0ivyqsch6ia92g7954kll53-ffmpeg-rpi-8.0.1.drv
  /nix/store/x5vd6105z57xj5p8dl6f60badnv2f4wm-libraqm-0.11.0.drv
  /nix/store/0d31qnpf62s3h49cz46h37zjqcc43q2h-python3.14-pillow-12.3.0.drv
  /nix/store/gf02jgks2qxibf9n7cgxbifsbidp6bvl-tk-9.0.4.drv
  /nix/store/6wf355slp83qf5hmg9sxq98s37ryzra4-python3.14-tkinter-3.14.7.drv
  /nix/store/kmlar2q8si03zn168alnvkyd446w9ms1-python3.14-contourpy-1.3.3.drv
  /nix/store/0hkk1ggpcl9wyxyg7v48ki1s000iba2d-python3.14-matplotlib-3.11.1.drv
  /nix/store/11jlli1z4r35bnxszx5vv5pp2wj1yfi2-libjxl-0.12.0.drv
  /nix/store/18719nhlf8lxz2w11gd0w96d46lsaxi2-unit-ModemManager.service.drv
  /nix/store/19k1wcrslcr7wqnlcq7264wbkfdm8ncj-nginx.conf.drv
  /nix/store/m5sfxpdg85a10hckj56wmjby8c2ns9g7-fgl-5.8.3.0.drv
  /nix/store/hm3cvsv9w21j1b74qnqjff625s7vbkng-ShellCheck-0.11.0.drv
  /nix/store/1bwwjfrhfpv4y9wbkb6mgrff1nm4pyha-pre-switch-checks.drv
  /nix/store/1hwsqy27lm1dbcjl20arz94c1a9anr4g-klipper-genconf.drv
  /nix/store/7xdxwj6qjsvljcw8z6xv7pck4bra43az-janus-gateway-1.4.1.drv
  /nix/store/1x5sm0bfahadpx7415vwkjb75rz5nin6-ustreamer-6.56.drv
  /nix/store/sz99iw562mxzqakqhyf3776wbwm75iag-libnvme-1.16.1.drv
  /nix/store/247z2hkjkxfi9cn1plc1li1zlv38491c-nvme-cli-2.16.drv
  /nix/store/clpc4z7zrg7kifb0knwsmaivyz3ajrqi-python3.14-betamax-0.9.0.drv
  /nix/store/259nscwxjfszjv2p99m5frgwd6jmradg-python3.14-requests-toolbelt-1.0.0.drv
  /nix/store/2dq9qkzzpap3x4jpvjqardg2wvn2jxdy-python3.14-streaming-form-data-1.19.1.drv
  /nix/store/2y4nmfprlj7qsy9zhx1j3piqhzbbwicj-python3.14-zstandard-0.25.0.drv
  /nix/store/2ypyww3nwis3jgi1fai8hiwxwccn6cd5-unit-polkit-agent-helper-.service.drv
  /nix/store/gz420x9y45kdwyckwkxmpn0cd82b0qg2-python3.14-executing-2.2.1.drv
  /nix/store/8b55a785hbwd6ar9cbg516c34598v9b5-python3.14-stack-data-0.6.3.drv
  /nix/store/msp0larzvcvv7lbb055gng4sw51axvmv-python3.14-ipython-9.14.0.drv
  /nix/store/cbcmrqka2h0ifz6b856m7zd04lr5wypm-python3.14-python-dotenv-1.2.2.drv
  /nix/store/l2s5akfv88xv8xmyz0asvx1ja7cqp6pg-python3.14-werkzeug-3.1.8.drv
  /nix/store/4rgmf96bk5f68bp6hj41nskbzp8l3qbl-python3.14-flask-3.1.3.drv
  /nix/store/hsq5hlz319vqgjgfxi3zldx90sk78128-rpds-py-2026.6.3-vendor.drv
  /nix/store/d0z18dv92isjrn5m8226xhc4cjvhqvmr-python3.14-rpds-py-2026.6.3.drv
  /nix/store/pcqdr0j4i2vydn502m6b47gprwf9a6b4-python3.14-jsonpath-ng-1.8.0.drv
  /nix/store/w914hjwn1x1m0dap6s87hzfm64xx1zxb-python3.14-referencing-0.37.0.drv
  /nix/store/wcmzc9c295hlflwailwh4ka5r9z9zgm1-python3.14-jsonschema-specifications-2025.9.1.drv
  /nix/store/4q68qrq3lmpm9z2mcnqjpnrn6x76q4j9-python3.14-jsonschema-4.26.0.drv
  /nix/store/88j0s1mw56zc5rhx12dd4slzkw7fhx44-python3.14-flasgger-0.9.7.1.drv
  /nix/store/51nglybkj1gffwbm43xydj66gr26rdla-python3.14-httpbin-0.10.2.drv
  /nix/store/bhhyrxqql004i2dlq65q6vgdd83636pl-python3.14-pytest-httpbin-2.1.0.drv
  /nix/store/3326ym51i3fhxqarxxp5hz13w6bp972a-python3.14-requests-futures-1.0.2.drv
  /nix/store/3awfvlcjk8w5b66bb6n15j0mf73czgbx-unit-logrotate.service.drv
  /nix/store/3b3snsihmjdjwgrnkcma4dc4nwg1ddg3-unit-post-boot.service.drv
  /nix/store/kzd4j2g099ys8ic1bcnzp9w5rk61sg2n-python3.14-pandas-3.0.4.drv
  /nix/store/3ggh9xiiqz8g0dw3db1gav3scw83xyzk-python3.14-pytest-regressions-2.11.0.drv
  /nix/store/bx9xxab76x7fjqklfr6l0bpnkzrc45cv-rav1e-0.8.1-vendor.drv
  /nix/store/nzmd699ylr0dqxzz2az517f9759b9v3z-rav1e-0.8.1.drv
  /nix/store/94kv1awjryl6bybfh58kgvijig6rhr1j-libheif-1.23.3.drv
  /nix/store/cmgvs1r9777yfdl33z2vs0kz9m0bppb8-libraw-0.22.1.drv
  /nix/store/zl83di176pay21sfs06zv03gkva73ig2-djvulibre-3.5.30.drv
  /nix/store/89ha2q2194l17j86iz0gpmvxyn8x4r2c-imagemagick-7.1.2-31.drv
  /nix/store/f9ra408n3mh7vr5cn97a5fkqy8s7nqp5-python3.14-easyprocess-1.1.drv
  /nix/store/5kdm55h7f55hqdhcmlmmlgy1v7pag6dn-python3.14-entrypoint2-1.1.drv
  /nix/store/csyvczhsrbciy8gbhqnziyad46fkv9bg-xorg-server-21.1.24.drv
  /nix/store/d2lm4nk25d8rh932qv5shh282qj8s23p-python3.14-hpack-4.2.0.drv
  /nix/store/8ll1m491jyvgfh4mx8566pfrsbyvhzsw-python3.14-h2-4.3.0.drv
  /nix/store/7nn50amffdsb97ks8fsfakdqp808k2c8-python3.14-markdown-it-py-4.2.0.drv
  /nix/store/d4z5hl37773mgkqqrjd8jgv52gbv6577-python3.14-rich-15.0.0.drv
  /nix/store/vr9zyc1m4c911j88q4p40vkbm1nim0d3-python3.14-pytest-trio-0.8.0.drv
  /nix/store/gbh3ybr7n4mwh9b2wii040fmf3y2wqbc-python3.14-uvloop-0.22.1.drv
  /nix/store/xa1qv5az2rj3rpzfbz19pb8snzfnvzdr-python3.14-anyio-4.14.2.drv
  /nix/store/in6rcirr6hgbhflck163dl4vlc7z3bwa-python3.14-httpcore-1.0.9.drv
  /nix/store/6nx5i5d92wlzichy10xxiznmvxzqby4z-python3.14-httpx-0.28.1.drv
  /nix/store/6zs80scsic4xmxhhkp1p68j0vkbxv348-python3.14-priority-2.0.0.drv
  /nix/store/kpkhdqrh50x7ds260p9ms569px465528-python3.14-pyhamcrest-2.1.0.drv
  /nix/store/q3980ak6wzbc9bc79any8llg2v3hwsgl-python3.14-twisted-26.4.0.drv
  /nix/store/w2cdjysp00lra2ywgnajmirpnvvx12vg-python3.14-vncdotool-1.2.0.drv
  /nix/store/3q8by50kf54qs95r1m9iiikss5xirfgm-python3.14-pyvirtualdisplay-3.0.drv
  /nix/store/3x9d058djxwmgak15r76dv11rbjjyzi7-unit-script-nixos-activation-start.drv
  /nix/store/9cl8kwfgbj7wmvy0d061h9dz0c6a7ncj-libplacebo-7.360.1.drv
  /nix/store/7x9ckz1pn0b2qg717gvhagryz25hp6hb-temurin-bin-21.0.12.drv
  /nix/store/c9kj285mx0qx4dzi0cgwn3g1z09aql8j-openjdk-headless-21.0.12.1+1.drv
  /nix/store/iq4wpmj06yr0wz9fifkj431q317j32jk-vamp-plugin-sdk-2.10.drv
  /nix/store/nb3c74mng8sf6cldx6m25l5h8ilypvif-rubberband-4.0.0.drv
  /nix/store/n6fgzvjsb35cn292w4z6zikfmm7cv1pi-imlib2-1.12.6.drv
  /nix/store/qqyb2y67bswpp0g39zx7wfwsbajj2cx0-libcaca-0.99.beta20.drv
  /nix/store/81sn0xdv1al4x52lj5y2n6vj9vby9npc-mpv-0.41.0.drv
  /nix/store/9p16krmakq148lw92drczmwp88qg8nka-python3.14-mutagen-1.48.1.drv
  /nix/store/a1hrk6viv4gzm25nssq3f6g6mla27rmk-python3.14-curl-cffi-0.16.0.drv
  /nix/store/4i4xx8qvks9di2d834ajd7jwq0qnl3i9-rustfmt-1.98.1.drv
  /nix/store/yc631h08gjncfbmdgq434axfsn26vfjq-rust-bindgen-0.72.1.drv
  /nix/store/ff3m3cw1p3fkrsl1qk27wnwc1aaszbpa-rusty-v8-rust-toolchain.drv
  /nix/store/fs1r9p5mk5nylr03mw0cx109scn6pbsd-rusty-v8-150.4.0-vendor.drv
  /nix/store/djppzf36gymrx7bj0pqam4rp3khf3dv8-rusty-v8-150.4.0.drv
  /nix/store/bx5jagvj3i6xpncab0y6jdj1dpbb98vy-deno-2.9.6.drv
  /nix/store/jwxv1kn653lipcpnws0m1mszlxx95anb-python3.14-requests-2.34.2.drv
  /nix/store/vhhravy5f65ibxb0dfpszj4pysdh1kab-python3.14-jeepney-0.9.drv
  /nix/store/l4pcp9pig6szfwck770ph3s0nbdhlj5y-python3.14-secretstorage-3.5.0.drv
  /nix/store/g8jh8j9qjq98awddqnpzh7x0wliwsrmw-yt-dlp-2026.08.19.drv
  /nix/store/3yv8mmpd4yz27rl2ln60852728n6csim-mpv-with-scripts-0.41.0.drv
  /nix/store/41mi9sjdjqimkcksl3kx9p15wibhk0g9-unit-script-klipper-pre-start.drv
  /nix/store/h8xrrlppaw7ws63n2bk8r3fk5v46j9qd-python3.14-wrapt-2.2.2.drv
  /nix/store/m08nn7xnjlmw7szdryh9mpjjqzlkwnf1-python3.14-python-can-4.6.1.drv
  /nix/store/469zzq9lk4mrlq6m960ip71g3jdki3g9-python3-3.14.7-env.drv
  /nix/store/49p46smyymndapqdiq70a41n6snsq32z-sudoers-in.drv
  /nix/store/iw0v41smza5rjic22grw1hcz7dhfddcg-nftables-1.1.7.drv
  /nix/store/y9mgvy2gpc9bpnmw7cnfp75xdvqqmkd5-dnsmasq-2.93.drv
  /nix/store/4jw662pzd7a7ldk8q3wczixygs1pla71-networkmanager-1.58.1.drv
  /nix/store/4rijzc07dsq4g271pki1s0j8gnl9zxbk-unit-prepare-kexec.service.drv
  /nix/store/4wrscpzjqqb84cny787jjywvpi26c29d-unit-systemd-user-sessions.service.drv
  /nix/store/52vrfcsygfhkd51s6zff7wwha9gd2042-etc-os-release.drv
  /nix/store/538rpswn9g0apl3da7ycpcmz5xibf2wf-unit-user-runtime-dir-.service.drv
  /nix/store/dl5vjahqbgx56d3gpzw35f04ccyfsg8n-unit-script-initrd-find-nixos-closure-start.drv
  /nix/store/hj6f5hplciynwhncxcy9n53l82mikmsv-unit-initrd-find-nixos-closure.service.drv
  /nix/store/98z0n6cwpvyzipk1saczjm33d711aiq4-initrd-units.drv
  /nix/store/bs73akrmp3jksp94607db3yyrkv6p3n3-dbus-1.drv
  /nix/store/kim2j2bzvag8r3i2pww5p9qal57z3009-initrd-bin-env.drv
  /nix/store/x9kfhy0d4hj84397x5m3dz4b0n13w4cp-udev-fido2.drv
  /nix/store/ccfhb0r3jc6bqb7jqi3cgfxjrhl0i72g-initrd-udev-rules.drv
  /nix/store/wrk89pvir4jsxn8hm8hsg1asb7p2bqbg-initrd-linux_rpi-bcm2712-6.18.34-unstable_20260604.drv
  /nix/store/54sdizm73n17jcfj092g7ry32gxbsh76-boot.json.drv
  /nix/store/sy8cwg28b2rcsc0pi5gmxsmcdddmd1xf-python3.14-websockets-16.1.drv
  /nix/store/57m0syjk1hajxv4a1kmip13ihxqv82b2-python3.14-pycurl-7.46.0.drv
  /nix/store/59fgd6mjq9spwn37q8096nx7z6n68zf8-tcpdump-4.99.6.drv
  /nix/store/5a5msibdk0mzbdqhnl26ssfa78x97a3l-rust-cbindgen-0.29.4-vendor.drv
  /nix/store/65in62ngzyd4y67ywrwrpvak0m5zqgc3-nixos-version.drv
  /nix/store/bahgk7qbrryv44hhv3b7zkfkdnpnk0wb-dbus-broker-37.drv
  /nix/store/q8ncniwx86mzmmsfhbn9hdhlrls80l1z-nixos-manual-html.drv
  /nix/store/9f1zl9rf7g0q30km61cg79l5lnixln2g-nixos-help.drv
  /nix/store/f61j14nma3105g9gqfh987f13mr5v4rf-nixos-help.drv
  /nix/store/85f1r6qf5d13rv6i0w14jia2808wifdn-bcachefs-tools-1.39.6.drv
  /nix/store/p6as461r2frlcia4rq4y3b3kkpq1vf0h-python3-3.14.7-env.drv
  /nix/store/wap2lsclxb2llsx8kmvigjyhl1j3q1gi-btrfs-progs-7.1.drv
  /nix/store/f94by4cmja22i9f6mlppyh97lyr772i2-nixos-generate-config.drv
  /nix/store/fxl6li8p1jbk6r4byajpipg5cxcsblrm-nixos-firewall-tool-26.11.drv
  /nix/store/7plpacjyamvgkqnanyzkclxzpk56l8vb-python3-3.14.7-env.drv
  /nix/store/psfjgkjsld1zxs32v18vzbjypbj1jrs1-xfsprogs-7.1.1.drv
  /nix/store/6j2rd34iwpsch58b5bi5nd0162cyjfr3-python3.14-mpv-1.0.8.drv
  /nix/store/mbf3px851k6rphjw6nq8bz7bcrigjggx-python3.14-sdbus-0.14.3.drv
  /nix/store/8ayskz29rpgp8w2pl8gnscf9pvf567pd-python3.14-sdbus-networkmanager-2.0.0.drv
  /nix/store/nfgqszsp7jv1z6fy755yd6q81ni0avpy-wrap-gapps-hook.drv
  /nix/store/q3hnhkxb3n3jj81404nmwj7m09h7a9vw-KlipperScreen-0.4.5.drv
  /nix/store/sy4bampai6mdckq4fik50b30kfzfzz96-tailscale-1.102.4.drv
  /nix/store/z1axnspngacdmfd2iqx1csfdriqb7rla-nixos-rebuild-ng-26.11.drv
  /nix/store/z25j1hhknr3gqcsq21m3kizjvylhafdw-nixos-option-26.11.drv
  /nix/store/d54pdic3l1gr62ngqj7kzsp35a3z2x43-system-path.drv
  /nix/store/h0c8hl99l5dhbfajgf5s5afrgamqigj8-dbus-1.drv
  /nix/store/vn0p5ccdmzz5rq8251wgny5xkbwl5aqn-X-Restart-Triggers-dbus-broker.drv
  /nix/store/5d7ylwd7njnmfsx2kdq5xdd3y4mqrdjm-unit-dbus-broker.service.drv
  /nix/store/5lc3ls51snab5cr2b1m1zf1vxf6ajl37-unit-script-wpa_supplicant-start.drv
  /nix/store/5nms5c798w1vhf9mpia8pwf7lm3bwvcq-udev-path.drv
  /nix/store/5rrfi5a1n3c65by4hpxjsf21w6vg78c6-unit-NetworkManager-dispatcher.service.drv
  /nix/store/jby8icnbpf5xq6gmf36iaipd1hzd77vc-klipper-restart.drv
  /nix/store/67wnqrwf7ml31iky59mnafry02rwrma1-extra-udev-rules.drv
  /nix/store/5w2aiagxra0phxzqai6zkxb2i6n3wkix-hwdb.bin.drv
  /nix/store/5wpgdbldmkxkg3nc4djvap27v51a80a0-unit-NetworkManager.service.drv
  /nix/store/ylicg9cqqfvaykylij4gf6nm3zj3xpg5-pbap-client.drv
  /nix/store/wj5limk0bq3f0pzj2qcy1djh3f81lr79-python3.14-python-dbusmock-0.37.2.drv
  /nix/store/kdqc2m8dlc8rqdh8pc0jabss1ggkx1zf-python3-3.14.7-env.drv
  /nix/store/vqzgawnfqlfirmypx7wm9270y6vgrd7z-libei-1.6.0.drv
  /nix/store/wgcmi2lp5qh1wjlp2zajma5ni8j6i5g2-egl-wayland-1.1.22.drv
  /nix/store/kr2120g5n9i3agmdvj9rgac7974g9bhd-xwayland-24.1.13.drv
  /nix/store/n1yvbqpdy5ai8w28k34ixnv4db62zxik-libwacom-2.20.0.drv
  /nix/store/vwslzly3r4w847zrbrdyzzyjhixvq0p6-libinput-1.31.3.drv
  /nix/store/64ymldhwh4lyd7mf8wr2nzdv7v4scnzw-wlroots-0.20.2.drv
  /nix/store/66xfbxl8267bphrh2gnxrjqgjrj1x124-unit-script-register-nix-paths-start.drv
  /nix/store/dqy8dr4i8qynigdxk884r6y2zkisf97q-udev-rules.drv
  /nix/store/hs61r6i1psbn17qfkg0jlv86qq83wv21-X-Restart-Triggers-systemd-udevd.drv
  /nix/store/6j08i3fc4x2dxr5myrp6pj4s7dj8pxh7-unit-systemd-udevd.service.drv
  /nix/store/7fp5i2848ikl8mb31051i78lpciy8f63-unit-systemd-makefs-.service.drv
  /nix/store/7l8bay48d4mlawf4r7vizj8yp45nl8vx-unit-script-linger-users-start.drv
  /nix/store/bxgd39f8sdypks2dc8ckxiird0siac4a-shutdown-ramfs-contents.json.drv
  /nix/store/7pzsgzc1cys1fhqksi5cvpmwz91yvq7p-unit-generate-shutdown-ramfs.service.drv
  /nix/store/n1k9da1vgllxmmi9wd7rdh6dvxfsxgnz-unit-script-nginx-pre-start.drv
  /nix/store/7z3vivffx9anmyg6ri5cap5810ggsgzd-unit-nginx.service.drv
  /nix/store/8nnsagwf1ncxbvx7kl8yh5r9r60krw3p-etc-sysctl.d-60-nixos.conf.drv
  /nix/store/cx46asf87d85dm0pwjr47all0pdczwma-X-Restart-Triggers-systemd-sysctl.drv
  /nix/store/8dbd8gvm0dhd4l3pivinww5q6kakmcha-unit-systemd-sysctl.service.drv
  /nix/store/8mpp160hzf98xh4nskbg6m2cpvyixrms-unit-systemd-importd.service.drv
  /nix/store/8nkqpjvxbl4x8vsn8aqxsh0i3nn2d1bg-unit-sshd.service.drv
  /nix/store/8s0bcxi606gxr6idzmysy0v2mq8ridhd-unit-xfs_scrub_all.service.drv
  /nix/store/8yy36wg4x2ybcrf0wbiw0b8p1fkz339w-unit-nixos-activation.service.drv
  /nix/store/90h6mjag43l9xyf62hzq8pidw25v98da-nix.conf.drv
  /nix/store/92i16s3ypykqmp6z4b62qp6p0qcap2rm-X-Restart-Triggers-nix-daemon.drv
  /nix/store/9ajdrrj1hi1pjxhncadhmf5vm4rbsz2h-unit-systemd-tmpfiles-setup.service.drv
  /nix/store/9jp92by3bl8jpkamci06ap8rkkssdik1-unit-systemd-backlight-.service.drv
  /nix/store/cl3pwd1jqaz4ffdygy1ddi02xk2n5b2l-python3-3.14.7-env.drv
  /nix/store/pkfylkpm18kp4b3n1fk0p52kvhqbm2jr-klipper.drv
  /nix/store/9krhnmjzcmv4hgwkf1hgwvbk9b56sc36-klipper-0.13.0-unstable-2026-08-18.drv
  /nix/store/9pmw2j6n81js3nd02vxj0gjp4l66lxzs-unit-systemd-timesyncd.service.drv
  /nix/store/abgh3zhnj2j069yxypq1psiy1wfylx76-unit-systemd-random-seed.service.drv
  /nix/store/akm4jgv7qx002vrflp77c6rwym2slmg4-unit-kmod-static-nodes.service.drv
  /nix/store/ass15gw1qy0zcqyyr1rjk5lfpcgq1wj2-unit-logrotate-checkconf.service.drv
  /nix/store/b68vxj55qhmpf23snr68z6lazjbgi8ss-ustreamer-setup.drv
  /nix/store/xkg8xa4rxr6nv5bxlv1dljh71wd11f5x-fc-cache.drv
  /nix/store/yijpscrwi3rjbwzs4smkdhh2adds19bx-fc-00-nixos-cache.conf.drv
  /nix/store/bry2173r1r8nyasqlhk8ql4wrc0yz1df-fontconfig-conf.drv
  /nix/store/c339iqkqlsfwh5fxc272da6m2whklqav-unit-systemd-modules-load.service.drv
  /nix/store/s2lbq9f3n7kfvjc8x8hlkq0gv2x3x850-X-Restart-Triggers-polkit.drv
  /nix/store/c3lv4gf86sgyfz5iyzc7iyn97vhmgvh4-unit-polkit.service.drv
  /nix/store/ch0rnj7754000wslr7b0jh66wnsdxmpl-unit-systemd-update-utmp.service.drv
  /nix/store/d7yhsz31d3xci1aiccl3hqgmqq1xhib7-unit-register-nix-paths.service.drv
  /nix/store/fjk28a9didhvc8g0966qyqyickc1n6kf-unit-container-getty-.service.drv
  /nix/store/fx13prpw7210s84lhyi172qzq54xs1wk-unit-systemd-mkswap-.service.drv
  /nix/store/fx68ij937hilxicx1n14wmp6mvv4yn39-unit-expand-root-partition.service.drv
  /nix/store/fxls4rql3lyd4fvl7rw1alclbyjvav4q-unit-systemd-journald.service.drv
  /nix/store/y54dkqlyfd73mv8g9744b00kmha8rd71-cage-0.3.1.drv
  /nix/store/g7azq3wsdlpyvk60465wd2r3ihqaa3dr-unit-cage-tty1.service.drv
  /nix/store/gqrk9szx64v6fvaj720ir05m6xn66x5x-unit-sshd-vsock.socket.drv
  /nix/store/gzx3vgf5gmakdww337j5317kyrk65xr4-unit-systemd-fsck-.service.drv
  /nix/store/h4rfa526wp29y702q4bpryvkajvzgfgm-unit-user-.service.drv
  /nix/store/h5z1mg1kkhpjyc64ri963py9isqz9jmv-unit-lastlog2-import.service.drv
  /nix/store/hqinb5dhhqpx1cbdg1a7bphhx6vkfpx3-unit-getty-.service.drv
  /nix/store/hsjznjl89ak6b9bz7mhq67pg2zjkpn0m-unit-ustreamer.service.drv
  /nix/store/i7jq03bra65rc7pv09hikdyn78ins057-unit-zfs-share.service.drv
  /nix/store/jffy35k95n5snycnjyn3q9x6kkwz7hva-unit-sshd-vsock-.service.drv
  /nix/store/jmcfj803m34hyxz3z929vxmzi9i1aq2i-unit-bluetooth.service.drv
  /nix/store/kdgmflciv9m4jy2k4fqrm5hjq3q7czjq-unit-suid-sgid-wrappers.service.drv
  /nix/store/kjb9066x4y27vzpph7189hdfr2csnlvl-unit-sshd-.service.drv
  /nix/store/knqzgrilv38rhs936qalvakbb64a75jg-unit-nix-daemon.service.drv
  /nix/store/kqw9vfjrr7s6nl0lj2bxyc4b028dzx3d-unit-zpool-trim.service.drv
  /nix/store/kv694sfac45y3n1hvg52c0vj9f8dljlp-unit-modprobe-.service.drv
  /nix/store/vicfkh2gyf5v14xky2madr1f3fqyl3w8-unit-script-nix-gc-start.drv
  /nix/store/kxnd77p6ywh3a7sjn29izdzifx1933jm-unit-nix-gc.service.drv
  /nix/store/l8ngbsxbmbpnj9dd8fqa82ksmf2m6v6z-unit-systemd-localed.service.drv
  /nix/store/lhy5cdczjzl0ph9acgpcbdifckkghhga-unit-reload-systemd-vconsole-setup.service.drv
  /nix/store/mhzjakkrkba47mz6ys7b8h86g1za2kh5-unit-nix-optimise.service.drv
  /nix/store/nnz4k0adz1fsawmf86qc6687wfcc164z-unit-klipper.service.drv
  /nix/store/nrm59a807c15v8yxmm0k8cj7xydnd3vd-unit-tailscaled.service.drv
  /nix/store/nyfflhzvxh2736brqkkmd74mkwhrl5hg-unit-wpa_supplicant.service.drv
  /nix/store/pvbc9r585wlxwxv84rw997a6lpz7ghz1-unit-systemd-hostnamed.service.drv
  /nix/store/qaxkhc8i4nix37zzlm6ihp6326kmf1pi-unit-systemd-pstore.service.drv
  /nix/store/qdkr03gsgw3adc8b5888szf7mhvxzfbw-unit-systemd-logind.service.drv
  /nix/store/r887zmvzz44n06zdq97b8xi5ziv4hdsi-unit-systemd-bless-boot.service.drv
  /nix/store/dmmln92qa3cdi0zfa125dlvdg5bv6sf0-systemd-default-tmpfiles.drv
  /nix/store/qc3lgrqraf83h9qrms0npris9hbqh2i4-rust-cbindgen-0.29.4.drv
  /nix/store/id9swwlckxsl4z66sydgvk1ra0ixzy2d-mesa-26.2.3.drv
  /nix/store/qbnyy53yr0dgvnsmdrlhql6yw2m6srbp-graphics-drivers.drv
  /nix/store/lrhg62rdcxa9q5ay986g23j9wwqlmkka-graphics-driver.conf.drv
  /nix/store/hbmxcc1dbkzp40rbshavwlzap2g9338d-tmpfiles.d.drv
  /nix/store/k6hpna34p16xr4qp36nx1mb2hz59xndx-X-Restart-Triggers-systemd-tmpfiles-resetup.drv
  /nix/store/rfqfz1rhwqzg4i0flvj44sldxk8wfmdg-unit-systemd-tmpfiles-resetup.service.drv
  /nix/store/sbz0d67wlc8ccvcm13j7m5dhdgqafh6k-unit-NetworkManager-wait-online.service.drv
  /nix/store/scgd2xnb3pffmzr6gs2n97jsigwydyny-unit-resolvconf.service.drv
  /nix/store/shb4jlbamac735n12r60yww3409kq8a7-unit-systemd-boot-random-seed.service.drv
  /nix/store/ss821x241p31b9m29h9plr4h8qmi6cyz-unit-systemd-oomd.service.drv
  /nix/store/szq709j1w6w4cjnswwci9iq1b6k915pm-unit-serial-getty-.service.drv
  /nix/store/vflms45xzd5r7jqss0vj1zgkjxf4d7ap-unit-systemd-remount-fs.service.drv
  /nix/store/vn4qczix2frgm1kff3px08vyizq91awc-unit-nscd.service.drv
  /nix/store/w7mlr4xrqm54gzncbmzw9cyq8is11xdd-unit-systemd-journal-flush.service.drv
  /nix/store/wldj3hlr55yk1s7zdh9sc5ccmn578nlm-unit-network-local-commands.service.drv
  /nix/store/wvvq5f8vssfx34sb1s1sck7wg4012048-unit-zfs-mount.service.drv
  /nix/store/d4h66301q8rz2hv8mswbwaghabpchcg5-python3.14-pytest-codspeed-5.0.3.drv
  /nix/store/c8gwc8wb22x56iyy5kw7zgpk1xfk4pwh-python3.14-zeroconf-0.151.3.drv
  /nix/store/cr7hb0prxg74p743f1bw2zn6jg3q9x5q-python3.14-requests-mock-1.12.1.drv
  /nix/store/hh5xrqwcvplp6ng128fjlm9q7klh8n9h-python3.14-pyjwt-2.13.0.drv
  /nix/store/k0263xgzkcrrpqpifxgczg050kwr9563-python3.14-oauthlib-3.3.1.drv
  /nix/store/fa82hhiqhs7vvdj6fphsxakwbf2h4wgs-python3.14-requests-oauthlib-2.0.0.drv
  /nix/store/m6g3szics58zfsa10qxk7i20792qvzh0-python3.14-dbus-fast-5.0.22.drv
  /nix/store/mym6jplxkgny60h3s155wrpg8b7566z2-python3.14-apprise-1.13.0.drv
  /nix/store/ryrayn1jgr2j6n1zx8drpmdqqf5ic2gx-python3-3.14.7-env.drv
  /nix/store/xdd14ggfbg5asr1hjkmmqgc8px254cjx-moonraker-0.10.0.drv
  /nix/store/xcic5pv0q4rv1dgy0rds443xq62sd4rr-unit-script-moonraker-start.drv
  /nix/store/wzd44jkyy19sdaf39fx1rn1n1993h97d-unit-moonraker.service.drv
  /nix/store/xaabgdrjjg9hkl4xlzrcbrpgnrijg0ra-unit-zfs-zed.service.drv
  /nix/store/xm1jq2vkcbfiriifpmhr57n07fk1na9j-unit-sleep-actions.service.drv
  /nix/store/xxlqi9b33bgajwnljqbbhjvhzvrv4qkk-unit-systemd-nspawn-.service.drv
  /nix/store/yd6apl836jq70q2kr17yj51h9czbvx6v-unit-linger-users.service.drv
  /nix/store/ywnvzbi2d3zk4hqgd4w3xqpmkacxzyvc-unit-sshd-keygen.service.drv
  /nix/store/z0fnzh15cfvcnwg0d0vjxcv3fvrv7v0a-unit-firewall.service.drv
  /nix/store/z92xa0b4gpafsgr7z2y8pc75iq2vardq-unit-systemd-timedated.service.drv
  /nix/store/zkjvfcl62d45f6vfqx3p877drdn3bg2z-unit-dbus.service.drv
  /nix/store/zx66wrba4j6rnbhg3kj3rrnf9ij45gfa-unit-systemd-journald-.service.drv
  /nix/store/bryjlmnajp2vl9ai6ncdnil8ggyf1i94-system-units.drv
  /nix/store/cv0v7qqb0jp4ny2bygm9m3j609i50k9q-fontconfig-etc.drv
  /nix/store/d2xj469dylas63pk74z1v28kc5ij6w30-sudoers.drv
  /nix/store/rv6mjlfnapj9mbjakdn46sw4ki784mcs-string-hosts.drv
  /nix/store/mqqywqz157fzb428ack0ni6p31irmgbn-hosts.drv
  /nix/store/mz00d1kbaxy4pbcmdqhs8v22rpcp3m3n-issue.drv
  /nix/store/nqkik6779jz7lazrhl8kkfq19csn3fza-user-generators.drv
  /nix/store/xi102y6a264q675gjr3bjyshqj00g5w5-systemd.drv
  /nix/store/pgbs00skxpmr3jf7db36i1f96xw6khwg-50-coredump.conf.drv
  /nix/store/pmw0rpwmjynf2xaa3yir5jm16b1mi663-system-shutdown.drv
  /nix/store/j6x6kx1q6q4102q43i90v1ljjrv51j0y-unit-obex.service.drv
  /nix/store/lyb6jgj24nq23ybcyggkmv53n2a1p67a-unit-dbus-broker.service.drv
  /nix/store/rn4y8jz768372h7zvi2jarwhx4iwzhq2-user-units.drv
  /nix/store/s0n6wrl8jla620azvlzkps1kccbmyhr3-pam.d.drv
  /nix/store/sm5czlhkzcmcnsniqd4sajv5by0qh3a7-etc-systemd-system.conf.drv
  /nix/store/vlns483vj6r0i307qzjp88xkavnmq3lh-system-generators.drv
  /nix/store/wl089xi2p0wgk5r8wdb5321dia591l6k-systemd-generator-environment.json.drv
  /nix/store/wqnjxwnb84ng6kq6rk10sj8x4wjgj9a5-etc-ssh-ssh_config.drv
  /nix/store/xh7y1l1zcacbsv33gn1hm96mkb46ygwy-etc-nix-registry.json.drv
  /nix/store/hc4z3iqx48yb28qk68myysm3pvahyfpj-etc.drv
  /nix/store/lpc3if9n396s6nfv74z3pdm9f5hkdgb2-switch-to-configuration-0.1.0.drv
  /nix/store/xpcvpsk4gry9cg6hw5ady3rvh3djxarf-users-groups.json.drv
  /nix/store/mm6dgwy6gmjhjc8h86gngc4p2by0kd9b-activate.drv
  /nix/store/n8nxpx7qrzy4yjv399kyz15z8d7gj411-dry-activate.drv
  /nix/store/idvk3piw3a52rg413bqcy89jl8m9sqk6-nixos-system-Fabricator-sd-card-26.11.20260928.7a0f122.drv
these 2 paths will be fetched (2.5 MiB download, 6.1 MiB unpacked):
  /nix/store/0675w1khy81mbvldw75phyzsidva1hsw-nginx-1.30.5
  /nix/store/cyw8qc2lg44x2si6bfz3z5d6b687syql-wpa_supplicant-2.12
copying path '/nix/store/cyw8qc2lg44x2si6bfz3z5d6b687syql-wpa_supplicant-2.12' from 'https://cache.nixos.org'...
copying path '/nix/store/0675w1khy81mbvldw75phyzsidva1hsw-nginx-1.30.5' from 'https://cache.nixos.org'...
building '/nix/store/xh7y1l1zcacbsv33gn1hm96mkb46ygwy-etc-nix-registry.json.drv'...
building '/nix/store/52vrfcsygfhkd51s6zff7wwha9gd2042-etc-os-release.drv'...
building '/nix/store/x15gh5m76syyfx5k8wqsh1vbzz1x8qbv-git-2.55.0.drv'...
building '/nix/store/mz00d1kbaxy4pbcmdqhs8v22rpcp3m3n-issue.drv'...
building '/nix/store/19k1wcrslcr7wqnlcq7264wbkfdm8ncj-nginx.conf.drv'...
building '/nix/store/65in62ngzyd4y67ywrwrpvak0m5zqgc3-nixos-version.drv'...
building '/nix/store/wgj2m3fn1c9yjd26paxfrryw0y26j417-python3.14-chardet-6.0.0.post1.drv'...
error: Cannot build '/nix/store/wgj2m3fn1c9yjd26paxfrryw0y26j417-python3.14-chardet-6.0.0.post1.drv'.
       Reason: builder failed with exit code 1.
       Output paths:
         /nix/store/64w2dcip3dj2fz6r9hsih48lwpsmmqkq-python3.14-chardet-6.0.0.post1
         /nix/store/nrvcb6n6qwa7jlyrswm66dac7nvp3pis-python3.14-chardet-6.0.0.post1-dist
       Last 25 log lines:
       >     self._result = func(*args, **kwargs)
       >   File "/nix/store/n34jmc2n8fadzj179wf0nx0phjhy4fqj-python3.14-execnet-2.1.2/lib/python3.14/site-packages/execnet/gateway_base.py", line 1160, in _thread_receiver
       >     msg = Message.from_io(io)
       >   File "/nix/store/n34jmc2n8fadzj179wf0nx0phjhy4fqj-python3.14-execnet-2.1.2/lib/python3.14/site-packages/execnet/gateway_base.py", line 567, in from_io
       >     header = io.read(9)  # type 1, channel 4, payload 4
       >   File "/nix/store/n34jmc2n8fadzj179wf0nx0phjhy4fqj-python3.14-execnet-2.1.2/lib/python3.14/site-packages/execnet/gateway_base.py", line 534, in read
       >     data = self._read(numbytes - len(buf))
       > =============================== warnings summary ===============================
       > ../../nix/store/1h3wrwjnlyqi6q0xr11f27awl028mih2-python3.14-pytest-9.1.1/lib/python3.14/site-packages/_pytest/python.py:124
       > ../../nix/store/1h3wrwjnlyqi6q0xr11f27awl028mih2-python3.14-pytest-9.1.1/lib/python3.14/site-packages/_pytest/python.py:124
       >   /nix/store/1h3wrwjnlyqi6q0xr11f27awl028mih2-python3.14-pytest-9.1.1/lib/python3.14/site-packages/_pytest/python.py:124: PytestRemovedIn10Warning: Passing a non-Collection iterable to parametrize is deprecated.
       >   Test: test.py::test_encoding_detection_all, argvalues type: generator
       >   Please convert to a list or tuple.
       >   See https://docs.pytest.org/en/stable/deprecations.html#parametrize-iterators
       >     metafunc.parametrize(*marker.args, **marker.kwargs, _param_mark=marker)
       >
       > -- Docs: https://docs.pytest.org/en/stable/how-to/capture-warnings.html
       > =========================== short test summary info ============================
       > FAILED test.py::test_encoding_detection_all[EncodingEra.ALL-tests/None/sample-1.mp4-none-EncodingEra.ALL] - Failed: Timeout (>60.0s) from pytest-timeout.
       > FAILED test.py::test_encoding_detection_all[EncodingEra.ALL-tests/windows-1252-english/anzeige-value-stars.html-windows-1252-EncodingEra.MODERN_WEB] - Failed: Timeout (>60.0s) from pytest-timeout.
       > FAILED test.py::test_encoding_detection_all[EncodingEra.ALL-tests/euc-jp-japanese/arclamp.jp.xml-euc-jp-EncodingEra.MODERN_WEB] - Failed: Timeout (>60.0s) from pytest-timeout.
       > FAILED test.py::test_encoding_detection_all[EncodingEra.ALL-tests/koi8-r-russian/intertat.ru.xml-koi8-r-EncodingEra.MODERN_WEB] - Failed: Timeout (>60.0s) from pytest-timeout.
       > FAILED test.py::test_encoding_detection_all[EncodingEra.ALL-tests/windows-1255-hebrew/hydepark.hevre.co.il.7957.xml-windows-1255-EncodingEra.MODERN_WEB] - Failed: Timeout (>60.0s) from pytest-timeout.
       > FAILED test.py::test_encoding_detection_all[EncodingEra.ALL-tests/windows-1255-hebrew/carshops.co.il.xml-windows-1255-EncodingEra.MODERN_WEB] - Failed: Timeout (>60.0s) from pytest-timeout.
       > = 6 failed, 3472 passed, 786 skipped, 138 xfailed, 2 warnings in 2557.17s (0:42:37) =
       For full logs, run:
         nix log /nix/store/wgj2m3fn1c9yjd26paxfrryw0y26j417-python3.14-chardet-6.0.0.post1.drv
building '/nix/store/wlq2v1nb747dywvr90x5f7jk5hzk2082-python3.14-dataclasses-json-0.6.7.drv'...
error: Cannot build '/nix/store/6nx5i5d92wlzichy10xxiznmvxzqby4z-python3.14-httpx-0.28.1.drv'.
       Reason: 1 dependency failed.
       Output paths:
         /nix/store/q4747pn7zk5xg0q1ldbilqy2hz6pq9lc-python3.14-httpx-0.28.1
         /nix/store/rxsdpvq7a9w7ljx6y7y59dlsz0h8gd9y-python3.14-httpx-0.28.1-dist
error: Cannot build '/nix/store/v9q3fam88h0jb77mwp1d27nccphaxhzf-python3.14-tox-4.34.1.drv'.
       Reason: 1 dependency failed.
       Output paths:
         /nix/store/59m4i27f7sk3jfycsfhr9l0brna2fc27-python3.14-tox-4.34.1
         /nix/store/l8slfgks771dg00py2293gcfc6yw07bj-python3.14-tox-4.34.1-dist
error: Cannot build '/nix/store/zb8c5c7330kpw90c35yzkblpaxg1zlz3-python3.14-jaraco-envs-2.6.0.drv'.
       Reason: 1 dependency failed.
       Output paths:
         /nix/store/a57z9n1n7dgx41ciwk864sy17wqajrwr-python3.14-jaraco-envs-2.6.0
         /nix/store/i3bjwkzwqni74asqhhlp13fpmidqvfxb-python3.14-jaraco-envs-2.6.0-dist
error: Cannot build '/nix/store/q3980ak6wzbc9bc79any8llg2v3hwsgl-python3.14-twisted-26.4.0.drv'.
       Reason: 1 dependency failed.
       Output paths:
         /nix/store/nm63xqkm1vrrrm5vrffhdp120axbplar-python3.14-twisted-26.4.0
         /nix/store/vx9f01hyc0z98rqs6zrxchglx5xryvh4-python3.14-twisted-26.4.0-dist
error: Cannot build '/nix/store/q364lg5s6kja6d2qibzg5wiwql8zdxf7-python3.14-distutils-83.0.0.drv'.
       Reason: 1 dependency failed.
       Output paths:
         /nix/store/bh1nbs775q5qsffqfms6rvk4y9k633sp-python3.14-distutils-83.0.0-dist
         /nix/store/rqdg220bp69yl8nz8x9b0d93bwa8r6lh-python3.14-distutils-83.0.0
error: Cannot build '/nix/store/w2cdjysp00lra2ywgnajmirpnvvx12vg-python3.14-vncdotool-1.2.0.drv'.
       Reason: 1 dependency failed.
       Output paths:
         /nix/store/4mph2z8qp8fgfwgqjl5ah7in36pymz5y-python3.14-vncdotool-1.2.0-dist
         /nix/store/kprbyzkh6a4sdh5a467mmk2vpm4yy6lq-python3.14-vncdotool-1.2.0
error: Cannot build '/nix/store/2l43slg02nc1qzzj14kfwx6gm53vcpc4-python3-3.14.7-env.drv'.
       Reason: 1 dependency failed.
       Output paths:
         /nix/store/cl23p6x23x2pv2d8vqbxbp1kj44cbqgj-python3-3.14.7-env
error: Cannot build '/nix/store/3q8by50kf54qs95r1m9iiikss5xirfgm-python3.14-pyvirtualdisplay-3.0.drv'.
       Reason: 1 dependency failed.
       Output paths:
         /nix/store/fwj7zcn90dg3wd4z33l54q7h4vxjqb3b-python3.14-pyvirtualdisplay-3.0-dist
         /nix/store/karqkhm761nss7szlb2nbd67ksrqcdr7-python3.14-pyvirtualdisplay-3.0
error: Cannot build '/nix/store/s5jv7bn8hhq9z9w16xzqskc47jqdc744-ffado-2.4.9.drv'.
       Reason: 1 dependency failed.
       Output paths:
         /nix/store/js75ln9ladzxfcaz3kznx761gq4gjv14-ffado-2.4.9-bin
         /nix/store/q1vkwicklvvxqpcg72y076lsb89dx31s-ffado-2.4.9
         /nix/store/sbl1cw6knkhvwwh8hsw1w4i1ggxd8iww-ffado-2.4.9-dev
error: Cannot build '/nix/store/6j2rd34iwpsch58b5bi5nd0162cyjfr3-python3.14-mpv-1.0.8.drv'.
       Reason: 1 dependency failed.
       Output paths:
         /nix/store/9lbpd74qq86n715wdmvyvfrfy6b5d1mq-python3.14-mpv-1.0.8-dist
         /nix/store/l490ghr6qsll23d3mv0j31gxm705yl8h-python3.14-mpv-1.0.8
error: Cannot build '/nix/store/q3hnhkxb3n3jj81404nmwj7m09h7a9vw-KlipperScreen-0.4.5.drv'.
       Reason: 1 dependency failed.
       Output paths:
         /nix/store/dk6784bha9v0gx2sg22hr64z0aiiiskx-KlipperScreen-0.4.5
error: Cannot build '/nix/store/w7cxkj3kl9x3kikjpk7mzz3gjxqmyj1x-pipewire-1.6.8.drv'.
       Reason: 1 dependency failed.
       Output paths:
         /nix/store/8bll360bpnblj3rimlzk63km1wlca37h-pipewire-1.6.8-doc
         /nix/store/8qrdnzlfjl7h7972szd17hdn0k4s56ic-pipewire-1.6.8
         /nix/store/biwngyriw92blxdxlh2v5qmz9pwmzfc6-pipewire-1.6.8-jack
         /nix/store/c3ilj5hzk3092q4zdqrvq2lr0zin0idj-pipewire-1.6.8-man
         /nix/store/cm901g47zas1ignm2bnhjv345a840yvv-pipewire-1.6.8-dev
         /nix/store/v4r3cbgj5dz3xfr40l9g2vsng2sm60ly-pipewire-1.6.8-debug
         /nix/store/wwwv4kzkxggkv5f19gzvyrcj7kyg22h2-pipewire-1.6.8-installedTests
error: Cannot build '/nix/store/zcv6ws25bswfn74abx3wcz7majadlnww-sdl3-3.4.16.drv'.
       Reason: 1 dependency failed.
       Output paths:
         /nix/store/2wadnxnyryhsnk0bq3i7x4wslwp9rqay-sdl3-3.4.16-installedTests
         /nix/store/gfkmp2p7spgk3pc02x11hz8jsbhaq1pa-sdl3-3.4.16-dev
         /nix/store/ig8ynrz1ccbvf7wmqw1i36wzy9v9lmcr-sdl3-3.4.16-lib
         /nix/store/y40ypfxawkaasmz0c8h3wp6dmg4n9i48-sdl3-3.4.16
error: Cannot build '/nix/store/d54pdic3l1gr62ngqj7kzsp35a3z2x43-system-path.drv'.
       Reason: 1 dependency failed.
       Output paths:
         /nix/store/wb3yf94ll8yd7x23gqygiczqm1j35ygy-system-path
error: Cannot build '/nix/store/g7azq3wsdlpyvk60465wd2r3ihqaa3dr-unit-cage-tty1.service.drv'.
       Reason: 1 dependency failed.
       Output paths:
         /nix/store/xd1cx7jvhy6995ii2dil978lykg9s0aa-unit-cage-tty1.service
error: Cannot build '/nix/store/idvk3piw3a52rg413bqcy89jl8m9sqk6-nixos-system-Fabricator-sd-card-26.11.20260928.7a0f122.drv'.
       Reason: 1 dependency failed.
       Output paths:
         /nix/store/bazr8sjm4b3lw2a7w36mb6qq7knwrfgm-nixos-system-Fabricator-sd-card-26.11.20260928.7a0f122
Command 'nix --extra-experimental-features 'nix-command flakes' build --print-out-paths '.#nixosConfigurations."Fabricator".config.system.build.toplevel' --max-jobs 2 --cores 2 --option eval-cache false --show-trace --impure' returned non-zero exit status 1.
