warning: Git tree '/tmp/nix-cache-compiler/repo' is dirty
Using saved setting for 'extra-substituters = https://bincache.yoke.sereia.gay https://nixos-raspberrypi.cachix.org' from ~/.local/share/nix/trusted-settings.json.
Using saved setting for 'extra-trusted-public-keys = yoke-bin-cache:ddWddUNLU59tCn5o6xwweO88tXpcnJql6pqpF2aYkc4= nixos-raspberrypi.cachix.org-1:4iMO9LXa8BqhU+Rpg6LQKiGa2lsNh/j2oiYLNOQ5sPI=' from ~/.local/share/nix/trusted-settings.json.
error:
       … from call site
         at /nix/store/rpjy7r4i7nrzkz5ljlvs02vmks7r3qdp-source/flake.nix:109:28:
          108|       systemConfigs = {
          109|         Luana-Fairphone6 = system-manager.lib.makeSystemConfig {
             |                            ^
          110|           # Specify your system configuration modules here, for example,

       … while calling 'makeSystemConfig'
         at /nix/store/m4v2ffki47sfyk51m63429gw1fh7wl9q-source/nix/lib.nix:22:7:
           21|     makeSystemConfig =
           22|       {
             |       ^
           23|         modules,

       … from call site
         at /nix/store/m4v2ffki47sfyk51m63429gw1fh7wl9q-source/nix/lib.nix:189:7:
          188|       in
          189|       returnIfNoAssertions toplevel;
             |       ^
          190|

       … while calling 'returnIfNoAssertions'
         at /nix/store/m4v2ffki47sfyk51m63429gw1fh7wl9q-source/nix/lib.nix:127:11:
          126|         returnIfNoAssertions =
          127|           drv:
             |           ^
          128|           let

       … while evaluating a branch condition
         at /nix/store/m4v2ffki47sfyk51m63429gw1fh7wl9q-source/nix/lib.nix:131:11:
          130|           in
          131|           if failedAssertions != [ ] then
             |           ^
          132|             throw "\nFailed assertions:\n${lib.concatStringsSep "\n" (map (x: "- ${x}") failedAssertions)}"

       … while calling the 'map' builtin
         at /nix/store/m4v2ffki47sfyk51m63429gw1fh7wl9q-source/nix/lib.nix:129:32:
          128|           let
          129|             failedAssertions = map (x: x.message) (lib.filter (x: !x.assertion) config.assertions);
             |                                ^
          130|           in

       … while calling the 'filter' builtin
         at /nix/store/m4v2ffki47sfyk51m63429gw1fh7wl9q-source/nix/lib.nix:129:52:
          128|           let
          129|             failedAssertions = map (x: x.message) (lib.filter (x: !x.assertion) config.assertions);
             |                                                    ^
          130|           in

       … while evaluating the attribute 'config'
         at /nix/store/cc7ff4ysismx0c3778v8gc6b14plrz3z-source/lib/modules.nix:401:9:
          400|         options = checked options;
          401|         config = checked (removeAttrs config [ "_module" ]);
             |         ^
          402|         _module = checked (config._module);

       … while calling the 'seq' builtin
         at /nix/store/cc7ff4ysismx0c3778v8gc6b14plrz3z-source/lib/modules.nix:401:18:
          400|         options = checked options;
          401|         config = checked (removeAttrs config [ "_module" ]);
             |                  ^
          402|         _module = checked (config._module);

       … while calling the 'throw' builtin
         at /nix/store/cc7ff4ysismx0c3778v8gc6b14plrz3z-source/lib/modules.nix:373:13:
          372|           else
          373|             throw baseMsg
             |             ^
          374|         else

       error: The option `services.displayManager' does not exist. Definition values:
       - In `/nix/store/cc7ff4ysismx0c3778v8gc6b14plrz3z-source/nixos/modules/config/nix.nix'

       Did you mean `services.logrotate', `services.xserver' or `services.openssh'?
