building the system configuration...
warning: Git tree '/tmp/nix-cache-compiler/repo' is dirty
Using saved setting for 'extra-substituters = https://bincache.yoke.sereia.gay https://nixos-raspberrypi.cachix.org' from ~/.local/share/nix/trusted-settings.json.
Using saved setting for 'extra-trusted-public-keys = yoke-bin-cache:ddWddUNLU59tCn5o6xwweO88tXpcnJql6pqpF2aYkc4= nixos-raspberrypi.cachix.org-1:4iMO9LXa8BqhU+Rpg6LQKiGa2lsNh/j2oiYLNOQ5sPI=' from ~/.local/share/nix/trusted-settings.json.
evaluation warning: stdenv.isDarwin is deprecated, use stdenv.hostPlatform.isDarwin instead
evaluation warning: The xorg package set has been deprecated, 'xorg.libX11' has been renamed to 'libx11'
evaluation warning: The xorg package set has been deprecated, 'xorg.libXcursor' has been renamed to 'libxcursor'
evaluation warning: The xorg package set has been deprecated, 'xorg.libXi' has been renamed to 'libxi'
evaluation warning: The xorg package set has been deprecated, 'xorg.libXrandr' has been renamed to 'libxrandr'
evaluation warning: The xorg package set has been deprecated, 'xorg.libX11' has been renamed to 'libx11'
evaluation warning: The xorg package set has been deprecated, 'xorg.libXcursor' has been renamed to 'libxcursor'
evaluation warning: The xorg package set has been deprecated, 'xorg.libXi' has been renamed to 'libxi'
evaluation warning: The xorg package set has been deprecated, 'xorg.libXrandr' has been renamed to 'libxrandr'
evaluation warning: LibreOffice upstream has changed the versioning, please use `libreoffice-stable` or just `libreoffice`
error:
       … while calling the 'derivationStrict' builtin
         at «nix-internal»/derivation-internal.nix:37:12:
           36|
           37|   strict = derivationStrict drvAttrs;
             |            ^
           38|

       … while evaluating derivation 'nixos-system-Luana-X670E-26.11.20260919.20b1ddd'
         whose name attribute is located at /nix/store/hqplg5bh73ijq5g6xpwsxsgvz4fj6v2r-source/pkgs/stdenv/generic/make-derivation.nix:651:11

       … while evaluating attribute 'buildCommand' of derivation 'nixos-system-Luana-X670E-26.11.20260919.20b1ddd'
         at /nix/store/hqplg5bh73ijq5g6xpwsxsgvz4fj6v2r-source/nixos/modules/system/activation/top-level.nix:63:7:
           62|       allowSubstitutes = false;
           63|       buildCommand = systemBuilder;
             |       ^
           64|

       … while calling the 'getAttr' builtin
         at «nix-internal»/derivation-internal.nix:50:17:
           49|     value = commonAttrs // {
           50|       outPath = builtins.getAttr outputName strict;
             |                 ^
           51|       drvPath = strict.drvPath;

       … while calling the 'derivationStrict' builtin
         at «nix-internal»/derivation-internal.nix:37:12:
           36|
           37|   strict = derivationStrict drvAttrs;
             |            ^
           38|

       … while evaluating derivation 'etc'
         whose name attribute is located at /nix/store/hqplg5bh73ijq5g6xpwsxsgvz4fj6v2r-source/pkgs/stdenv/generic/make-derivation.nix:651:11

       … while evaluating attribute 'buildCommand' of derivation 'etc'
         at /nix/store/hqplg5bh73ijq5g6xpwsxsgvz4fj6v2r-source/pkgs/build-support/trivial-builders/default.nix:88:9:
           87|         inherit name;
           88|         buildCommand = lib.toFunction buildCommand finalAttrs;
             |         ^
           89|         passAsFile = defaultPassAsFile ++ (userAttrs.passAsFile or [ ]);

       … from call site
         at /nix/store/hqplg5bh73ijq5g6xpwsxsgvz4fj6v2r-source/pkgs/build-support/trivial-builders/default.nix:88:24:
           87|         inherit name;
           88|         buildCommand = lib.toFunction buildCommand finalAttrs;
             |                        ^
           89|         passAsFile = defaultPassAsFile ++ (userAttrs.passAsFile or [ ]);

       … while calling 'toFunction'
         at /nix/store/hqplg5bh73ijq5g6xpwsxsgvz4fj6v2r-source/lib/trivial.nix:1211:16:
         1210|   */
         1211|   toFunction = v: if isFunction v then v else k: v;
             |                ^
         1212|

       … while evaluating a branch condition
         at /nix/store/hqplg5bh73ijq5g6xpwsxsgvz4fj6v2r-source/lib/trivial.nix:1211:19:
         1210|   */
         1211|   toFunction = v: if isFunction v then v else k: v;
             |                   ^
         1212|

       … from call site
         at /nix/store/hqplg5bh73ijq5g6xpwsxsgvz4fj6v2r-source/lib/trivial.nix:1211:22:
         1210|   */
         1211|   toFunction = v: if isFunction v then v else k: v;
             |                      ^
         1212|

       … while calling anonymous lambda
         at /nix/store/hqplg5bh73ijq5g6xpwsxsgvz4fj6v2r-source/lib/trivial.nix:1131:5:
         1130|     in
         1131|     f: isFunction f || (f ? __functor && isFunction f.__functor && isFunction (f.__functor f));
             |     ^
         1132|

       … in the left operand of the OR (||) operator
         at /nix/store/hqplg5bh73ijq5g6xpwsxsgvz4fj6v2r-source/lib/trivial.nix:1131:21:
         1130|     in
         1131|     f: isFunction f || (f ? __functor && isFunction f.__functor && isFunction (f.__functor f));
             |                     ^
         1132|

       … while calling the 'isFunction' builtin
         at /nix/store/hqplg5bh73ijq5g6xpwsxsgvz4fj6v2r-source/lib/trivial.nix:1131:8:
         1130|     in
         1131|     f: isFunction f || (f ? __functor && isFunction f.__functor && isFunction (f.__functor f));
             |        ^
         1132|

       … from call site
         at /nix/store/hqplg5bh73ijq5g6xpwsxsgvz4fj6v2r-source/nixos/modules/system/etc/etc.nix:56:11:
           55|         mkdir -p "$out/etc"
           56|         ${lib.concatMapStringsSep "\n" (
             |           ^
           57|           etcEntry:

       … while calling 'concatMapStringsSep'
         at /nix/store/hqplg5bh73ijq5g6xpwsxsgvz4fj6v2r-source/lib/strings.nix:261:13:
          260|   concatMapStringsSep =
          261|     sep: f: list:
             |             ^
          262|     concatStringsSep sep (map f list);

       … while calling the 'concatStringsSep' builtin
         at /nix/store/hqplg5bh73ijq5g6xpwsxsgvz4fj6v2r-source/lib/strings.nix:262:5:
          261|     sep: f: list:
          262|     concatStringsSep sep (map f list);
             |     ^
          263|

       … while calling anonymous lambda
         at /nix/store/hqplg5bh73ijq5g6xpwsxsgvz4fj6v2r-source/nixos/modules/system/etc/etc.nix:57:11:
           56|         ${lib.concatMapStringsSep "\n" (
           57|           etcEntry:
             |           ^
           58|           lib.escapeShellArgs [

       … from call site
         at /nix/store/hqplg5bh73ijq5g6xpwsxsgvz4fj6v2r-source/nixos/modules/system/etc/etc.nix:58:11:
           57|           etcEntry:
           58|           lib.escapeShellArgs [
             |           ^
           59|             "makeEtcEntry"

       … while calling 'concatMapStringsSep'
         at /nix/store/hqplg5bh73ijq5g6xpwsxsgvz4fj6v2r-source/lib/strings.nix:261:13:
          260|   concatMapStringsSep =
          261|     sep: f: list:
             |             ^
          262|     concatStringsSep sep (map f list);

       … while calling the 'concatStringsSep' builtin
         at /nix/store/hqplg5bh73ijq5g6xpwsxsgvz4fj6v2r-source/lib/strings.nix:262:5:
          261|     sep: f: list:
          262|     concatStringsSep sep (map f list);
             |     ^
          263|

       … while calling 'escapeShellArg'
         at /nix/store/hqplg5bh73ijq5g6xpwsxsgvz4fj6v2r-source/lib/strings.nix:1220:5:
         1219|   escapeShellArg =
         1220|     arg:
             |     ^
         1221|     let

       … while evaluating a branch condition
         at /nix/store/hqplg5bh73ijq5g6xpwsxsgvz4fj6v2r-source/lib/strings.nix:1231:5:
         1230|     in
         1231|     if match "[[:alnum:],._+:@%/-]+" string == null then
             |     ^
         1232|       "'${replaceString "'" "'\\''" string}'"

       … while calling the 'match' builtin
         at /nix/store/hqplg5bh73ijq5g6xpwsxsgvz4fj6v2r-source/lib/strings.nix:1231:8:
         1230|     in
         1231|     if match "[[:alnum:],._+:@%/-]+" string == null then
             |        ^
         1232|       "'${replaceString "'" "'\\''" string}'"

       … while evaluating the second argument passed to builtins.match

       … while evaluating a branch condition
         at /nix/store/hqplg5bh73ijq5g6xpwsxsgvz4fj6v2r-source/lib/strings.nix:1229:9:
         1228|         # dependency on the entire original source.
         1229|         if isPath arg && !isStorePath arg then "${arg}" else toString arg;
             |         ^
         1230|     in

       … in the left operand of the AND (&&) operator
         at /nix/store/hqplg5bh73ijq5g6xpwsxsgvz4fj6v2r-source/lib/strings.nix:1229:23:
         1228|         # dependency on the entire original source.
         1229|         if isPath arg && !isStorePath arg then "${arg}" else toString arg;
             |                       ^
         1230|     in

       … while calling the 'isPath' builtin
         at /nix/store/hqplg5bh73ijq5g6xpwsxsgvz4fj6v2r-source/lib/strings.nix:1229:12:
         1228|         # dependency on the entire original source.
         1229|         if isPath arg && !isStorePath arg then "${arg}" else toString arg;
             |            ^
         1230|     in

       … while calling the 'getAttr' builtin
         at «nix-internal»/derivation-internal.nix:50:17:
           49|     value = commonAttrs // {
           50|       outPath = builtins.getAttr outputName strict;
             |                 ^
           51|       drvPath = strict.drvPath;

       … while calling the 'derivationStrict' builtin
         at «nix-internal»/derivation-internal.nix:37:12:
           36|
           37|   strict = derivationStrict drvAttrs;
             |            ^
           38|

       … while evaluating derivation 'dbus-1'
         whose name attribute is located at /nix/store/hqplg5bh73ijq5g6xpwsxsgvz4fj6v2r-source/pkgs/stdenv/generic/make-derivation.nix:651:11

       … while evaluating attribute 'serviceDirectories' of derivation 'dbus-1'
         at /nix/store/hqplg5bh73ijq5g6xpwsxsgvz4fj6v2r-source/pkgs/by-name/ma/makeDBusConf/package.nix:19:13:
           18|   {
           19|     inherit serviceDirectories suidHelper apparmor;
             |             ^
           20|     preferLocalBuild = true;

       … while calling the 'getAttr' builtin
         at «nix-internal»/derivation-internal.nix:50:17:
           49|     value = commonAttrs // {
           50|       outPath = builtins.getAttr outputName strict;
             |                 ^
           51|       drvPath = strict.drvPath;

       … while calling the 'derivationStrict' builtin
         at «nix-internal»/derivation-internal.nix:37:12:
           36|
           37|   strict = derivationStrict drvAttrs;
             |            ^
           38|

       … while evaluating derivation 'system-path'
         whose name attribute is located at /nix/store/hqplg5bh73ijq5g6xpwsxsgvz4fj6v2r-source/pkgs/stdenv/generic/make-derivation.nix:651:11

       … while evaluating attribute 'chosenOutputs' of derivation 'system-path'
         at /nix/store/hqplg5bh73ijq5g6xpwsxsgvz4fj6v2r-source/pkgs/build-support/buildenv/default.nix:113:9:
          112|
          113|         chosenOutputs = map (drv: {
             |         ^
          114|           paths =

       … while evaluating list element at index 104

       … while evaluating attribute 'paths'
         at /nix/store/hqplg5bh73ijq5g6xpwsxsgvz4fj6v2r-source/pkgs/build-support/buildenv/default.nix:114:11:
          113|         chosenOutputs = map (drv: {
          114|           paths =
             |           ^
          115|             # First add the usual output(s): respect if user has chosen explicitly,

       … while evaluating list element at index 0
         at /nix/store/hqplg5bh73ijq5g6xpwsxsgvz4fj6v2r-source/pkgs/build-support/buildenv/default.nix:114:11:
          113|         chosenOutputs = map (drv: {
          114|           paths =
             |           ^
          115|             # First add the usual output(s): respect if user has chosen explicitly,

       … while calling the 'getAttr' builtin
         at «nix-internal»/derivation-internal.nix:50:17:
           49|     value = commonAttrs // {
           50|       outPath = builtins.getAttr outputName strict;
             |                 ^
           51|       drvPath = strict.drvPath;

       … while calling the 'derivationStrict' builtin
         at «nix-internal»/derivation-internal.nix:37:12:
           36|
           37|   strict = derivationStrict drvAttrs;
             |            ^
           38|

       … while evaluating derivation 'jitsi-meet-electron-2026.5.0'
         whose name attribute is located at /nix/store/hqplg5bh73ijq5g6xpwsxsgvz4fj6v2r-source/pkgs/stdenv/generic/make-derivation.nix:651:11

       … while evaluating attribute 'installPhase' of derivation 'jitsi-meet-electron-2026.5.0'
         at /nix/store/hqplg5bh73ijq5g6xpwsxsgvz4fj6v2r-source/pkgs/by-name/ji/jitsi-meet-electron/package.nix:91:3:
           90|
           91|   installPhase = ''
             |   ^
           92|     runHook preInstall

       … from call site
         at /nix/store/hqplg5bh73ijq5g6xpwsxsgvz4fj6v2r-source/pkgs/by-name/ji/jitsi-meet-electron/package.nix:94:7:
           93|
           94|     ${lib.optionalString stdenv.hostPlatform.isLinux ''
             |       ^
           95|       mkdir -p $out/share/jitsi-meet-electron

       … while calling 'optionalString'
         at /nix/store/hqplg5bh73ijq5g6xpwsxsgvz4fj6v2r-source/lib/strings.nix:776:26:
          775|   */
          776|   optionalString = cond: string: if cond then string else "";
             |                          ^
          777|

       … from call site
         at /nix/store/hqplg5bh73ijq5g6xpwsxsgvz4fj6v2r-source/pkgs/by-name/ji/jitsi-meet-electron/package.nix:98:21:
           97|
           98|       makeWrapper ${lib.getExe electron} $out/bin/jitsi-meet-electron \
             |                     ^
           99|           --add-flags $out/share/jitsi-meet-electron/resources/app.asar \

       … while calling 'getExe'
         at /nix/store/hqplg5bh73ijq5g6xpwsxsgvz4fj6v2r-source/lib/meta.nix:526:5:
          525|   getExe =
          526|     x:
             |     ^
          527|     getExe' x (

       … from call site
         at /nix/store/hqplg5bh73ijq5g6xpwsxsgvz4fj6v2r-source/lib/meta.nix:527:5:
          526|     x:
          527|     getExe' x (
             |     ^
          528|       x.meta.mainProgram or (

       … while calling 'getExe''
         at /nix/store/hqplg5bh73ijq5g6xpwsxsgvz4fj6v2r-source/lib/meta.nix:572:8:
          571|   getExe' =
          572|     x: y:
             |        ^
          573|     assert

       … in the condition of the assert statement
         at /nix/store/hqplg5bh73ijq5g6xpwsxsgvz4fj6v2r-source/lib/customisation.nix:433:13:
          432|           outPath =
          433|             assert condition;
             |             ^
          434|             drv.${outputName}.outPath;

       … while evaluating the attribute 'handled'
         at /nix/store/hqplg5bh73ijq5g6xpwsxsgvz4fj6v2r-source/pkgs/stdenv/generic/check-meta.nix:683:9:
          682|         valid = "no";
          683|         handled = handle {
             |         ^
          684|           inherit attrs meta;

       … from call site
         at /nix/store/hqplg5bh73ijq5g6xpwsxsgvz4fj6v2r-source/pkgs/stdenv/generic/check-meta.nix:683:19:
          682|         valid = "no";
          683|         handled = handle {
             |                   ^
          684|           inherit attrs meta;

       … while calling 'handle'
         at /nix/store/hqplg5bh73ijq5g6xpwsxsgvz4fj6v2r-source/pkgs/stdenv/generic/check-meta.nix:620:5:
          619|   handle =
          620|     {
             |     ^
          621|       attrs,

       … while calling the 'seq' builtin
         at /nix/store/hqplg5bh73ijq5g6xpwsxsgvz4fj6v2r-source/pkgs/stdenv/generic/check-meta.nix:654:5:
          653|     # Give all warnings first, then error if any
          654|     seq (foldl' giveWarning null warnings) withError;
             |     ^
          655|

       … while calling the 'throw' builtin
         at /nix/store/hqplg5bh73ijq5g6xpwsxsgvz4fj6v2r-source/pkgs/stdenv/generic/check-meta.nix:642:13:
          641|           else
          642|             throw msg;
             |             ^
          643|

       error: Refusing to evaluate package 'electron-41.10.6' in /nix/store/hqplg5bh73ijq5g6xpwsxsgvz4fj6v2r-source/pkgs/development/tools/electron/binary/generic.nix:50 because it is marked as insecure

       Known issues:
        - Electron version 41.10.6 is EOL

       You can install it anyway by allowing this package, using the
       following methods:

       a) To temporarily allow all insecure packages, you can use an environment
          variable for a single invocation of the nix tools:

            $ export NIXPKGS_ALLOW_INSECURE=1

          Note: When using `nix shell`, `nix build`, `nix develop`, etc with a flake,
                then pass `--impure` in order to allow use of environment variables.

       b) for `nixos-rebuild` you can add ‘electron-41.10.6’ to
          `nixpkgs.config.permittedInsecurePackages` in the configuration.nix,
          like so:

            {
              nixpkgs.config.permittedInsecurePackages = [
                "electron-41.10.6"
              ];
            }

       c) For `nix-env`, `nix-build`, `nix-shell` or any other Nix command you can add
          ‘electron-41.10.6’ to `permittedInsecurePackages` in
          ~/.config/nixpkgs/config.nix, like so:

            {
              permittedInsecurePackages = [
                "electron-41.10.6"
              ];
            }
Command 'nix --extra-experimental-features 'nix-command flakes' build --print-out-paths '.#nixosConfigurations."Luana-X670E".config.system.build.toplevel' --max-jobs 2 --cores 2 --option eval-cache false --show-trace --impure' returned non-zero exit status 1.
