building the system configuration...
warning: Git tree '/tmp/nix-cache-compiler/repo' is dirty
Using saved setting for 'extra-substituters = https://bincache.yoke.sereia.gay https://nixos-raspberrypi.cachix.org' from ~/.local/share/nix/trusted-settings.json.
Using saved setting for 'extra-trusted-public-keys = yoke-bin-cache:ddWddUNLU59tCn5o6xwweO88tXpcnJql6pqpF2aYkc4= nixos-raspberrypi.cachix.org-1:4iMO9LXa8BqhU+Rpg6LQKiGa2lsNh/j2oiYLNOQ5sPI=' from ~/.local/share/nix/trusted-settings.json.
warning: unable to download 'https://bincache.yoke.sereia.gay/nix-cache-info': HTTP error 502

response body:

<html>
<head><title>502 Bad Gateway</title></head>
<body>
<center><h1>502 Bad Gateway</h1></center>
<hr><center>nginx</center>
</body>
</html>; retrying in 306 ms (attempt 1/5)
warning: unable to download 'https://bincache.yoke.sereia.gay/nix-cache-info': HTTP error 502

response body:

<html>
<head><title>502 Bad Gateway</title></head>
<body>
<center><h1>502 Bad Gateway</h1></center>
<hr><center>nginx</center>
</body>
</html>; retrying in 590 ms (attempt 2/5)
warning: unable to download 'https://bincache.yoke.sereia.gay/nix-cache-info': HTTP error 502

response body:

<html>
<head><title>502 Bad Gateway</title></head>
<body>
<center><h1>502 Bad Gateway</h1></center>
<hr><center>nginx</center>
</body>
</html>; retrying in 1048 ms (attempt 3/5)
warning: unable to download 'https://bincache.yoke.sereia.gay/nix-cache-info': HTTP error 502

response body:

<html>
<head><title>502 Bad Gateway</title></head>
<body>
<center><h1>502 Bad Gateway</h1></center>
<hr><center>nginx</center>
</body>
</html>; retrying in 2657 ms (attempt 4/5)
warning: unable to download 'https://bincache.yoke.sereia.gay/nix-cache-info': HTTP error 502

         response body:

         <html>
         <head><title>502 Bad Gateway</title></head>
         <body>
         <center><h1>502 Bad Gateway</h1></center>
         <hr><center>nginx</center>
         </body>
         </html>
copying path '/nix/store/niycx1744bsqh1l7ywb8xdpnv96695xi-source' from 'https://cache.nixos.org'...
unpacking 'github:oxalica/rust-overlay/35ca0490d13a3d38c4602d0eb9600a30fa63a367?narHash=sha256-45ikFmtfgBZgMePIm4GevJ9VjDSWO3PGQgOuuwHDpes%3D' into the Git cache...
error:
       … while calling the 'derivationStrict' builtin
         at «nix-internal»/derivation-internal.nix:37:12:
           36|
           37|   strict = derivationStrict drvAttrs;
             |            ^
           38|

       … while evaluating derivation 'nixos-system-Yoke-26.11.20260916.b1b8759'
         whose name attribute is located at /nix/store/bgxq0a75z1gzy3x90x0bp6bx2ayigj1j-source/pkgs/stdenv/generic/make-derivation.nix:651:11

       … while evaluating attribute 'buildCommand' of derivation 'nixos-system-Yoke-26.11.20260916.b1b8759'
         at /nix/store/bgxq0a75z1gzy3x90x0bp6bx2ayigj1j-source/nixos/modules/system/activation/top-level.nix:63:7:
           62|       allowSubstitutes = false;
           63|       buildCommand = systemBuilder;
             |       ^
           64|

       … from call site
         at /nix/store/bgxq0a75z1gzy3x90x0bp6bx2ayigj1j-source/nixos/modules/system/activation/top-level.nix:43:7:
           42|
           43|     ${config.system.systemBuilderCommands}
             |       ^
           44|

       … while calling anonymous lambda
         at /nix/store/bgxq0a75z1gzy3x90x0bp6bx2ayigj1j-source/lib/modules.nix:283:38:
          282|             let
          283|               recurse = mapAttrs (n: v: if isOption v then v.value else recurse v);
             |                                      ^
          284|             in

       … while evaluating the attribute 'value'
         at /nix/store/bgxq0a75z1gzy3x90x0bp6bx2ayigj1j-source/lib/modules.nix:1181:7:
         1180|     // {
         1181|       value = addErrorContext "while evaluating the option `${showOption loc}':" (
             |       ^
         1182|         # Apply the 'apply' function to the merged value. This allows options to

       … while evaluating the option `system.systemBuilderCommands':

       … while evaluating the attribute 'mergedValue'
         at /nix/store/bgxq0a75z1gzy3x90x0bp6bx2ayigj1j-source/lib/modules.nix:1276:5:
         1275|     # Type-check the remaining definitions, and merge them. Or throw if no definitions.
         1276|     mergedValue =
             |     ^
         1277|       if isDefined then

       … while evaluating a branch condition
         at /nix/store/bgxq0a75z1gzy3x90x0bp6bx2ayigj1j-source/lib/modules.nix:1277:7:
         1276|     mergedValue =
         1277|       if isDefined then
             |       ^
         1278|         if type.merge ? v2 then

       … while evaluating the attribute 'values'
         at /nix/store/bgxq0a75z1gzy3x90x0bp6bx2ayigj1j-source/lib/modules.nix:1270:11:
         1269|         {
         1270|           values = defsSorted;
             |           ^
         1271|           inherit (defsFiltered) highestPrio;

       … while evaluating a branch condition
         at /nix/store/bgxq0a75z1gzy3x90x0bp6bx2ayigj1j-source/lib/modules.nix:1264:13:
         1263|             # Avoid sorting if we don't have to.
         1264|             if any (def: def.value._type or "" == "order") defsFiltered.values then
             |             ^
         1265|               sortProperties defsFiltered.values

       … while calling the 'any' builtin
         at /nix/store/bgxq0a75z1gzy3x90x0bp6bx2ayigj1j-source/lib/modules.nix:1264:16:
         1263|             # Avoid sorting if we don't have to.
         1264|             if any (def: def.value._type or "" == "order") defsFiltered.values then
             |                ^
         1265|               sortProperties defsFiltered.values

       … from call site
         at /nix/store/bgxq0a75z1gzy3x90x0bp6bx2ayigj1j-source/lib/modules.nix:1259:26:
         1258|           # Process mkOverride properties.
         1259|           defsFiltered = filterOverrides' defsNormalized;
             |                          ^
         1260|

       … while calling anonymous lambda
         at /nix/store/bgxq0a75z1gzy3x90x0bp6bx2ayigj1j-source/lib/modules.nix:1460:5:
         1459|     in
         1460|     defs:
             |     ^
         1461|     # Optimize for the singleton case, equivalent to the `else` clause.

       … while evaluating a branch condition
         at /nix/store/bgxq0a75z1gzy3x90x0bp6bx2ayigj1j-source/lib/modules.nix:1462:5:
         1461|     # Optimize for the singleton case, equivalent to the `else` clause.
         1462|     if length defs == 1 then
             |     ^
         1463|       {

       … while calling the 'length' builtin
         at /nix/store/bgxq0a75z1gzy3x90x0bp6bx2ayigj1j-source/lib/modules.nix:1462:8:
         1461|     # Optimize for the singleton case, equivalent to the `else` clause.
         1462|     if length defs == 1 then
             |        ^
         1463|       {

       … while calling the 'concatMap' builtin
         at /nix/store/bgxq0a75z1gzy3x90x0bp6bx2ayigj1j-source/lib/modules.nix:1244:28:
         1243|           # Process mkMerge and mkIf properties.
         1244|           defsNormalized = concatMap (
             |                            ^
         1245|             m:

       … while calling anonymous lambda
         at /nix/store/bgxq0a75z1gzy3x90x0bp6bx2ayigj1j-source/lib/modules.nix:1245:13:
         1244|           defsNormalized = concatMap (
         1245|             m:
             |             ^
         1246|             map (

       … while calling the 'map' builtin
         at /nix/store/bgxq0a75z1gzy3x90x0bp6bx2ayigj1j-source/lib/modules.nix:1246:13:
         1245|             m:
         1246|             map (
             |             ^
         1247|               value:

       … while evaluating definitions from `/nix/store/bgxq0a75z1gzy3x90x0bp6bx2ayigj1j-source/nixos/modules/system/activation/activatable-system.nix':

       … from call site
         at /nix/store/bgxq0a75z1gzy3x90x0bp6bx2ayigj1j-source/lib/modules.nix:1255:82:
         1254|                 }
         1255|             ) (addErrorContext "while evaluating definitions from `${m.file}':" (dischargeProperties m.value))
             |                                                                                  ^
         1256|           ) defs;

       … while calling 'dischargeProperties'
         at /nix/store/bgxq0a75z1gzy3x90x0bp6bx2ayigj1j-source/lib/modules.nix:1411:5:
         1410|   dischargeProperties =
         1411|     def:
             |     ^
         1412|     if def ? _type then

       … from call site
         at /nix/store/bgxq0a75z1gzy3x90x0bp6bx2ayigj1j-source/lib/modules.nix:1415:33:
         1414|         if isBool def.condition then
         1415|           if def.condition then dischargeProperties def.content else [ ]
             |                                 ^
         1416|         else

       … while calling 'dischargeProperties'
         at /nix/store/bgxq0a75z1gzy3x90x0bp6bx2ayigj1j-source/lib/modules.nix:1411:5:
         1410|   dischargeProperties =
         1411|     def:
             |     ^
         1412|     if def ? _type then

       … while evaluating a branch condition
         at /nix/store/bgxq0a75z1gzy3x90x0bp6bx2ayigj1j-source/lib/modules.nix:1412:5:
         1411|     def:
         1412|     if def ? _type then
             |     ^
         1413|       if def._type == "if" then

       … while evaluating the attribute 'content'
         at /nix/store/bgxq0a75z1gzy3x90x0bp6bx2ayigj1j-source/lib/modules.nix:1581:23:
         1580|     _type = "if";
         1581|     inherit condition content;
             |                       ^
         1582|   };

       … from call site
         at /nix/store/bgxq0a75z1gzy3x90x0bp6bx2ayigj1j-source/nixos/modules/system/activation/activatable-system.nix:82:73:
           81|
           82|       system.systemBuilderCommands = lib.mkIf config.system.activatable config.system.activatableSystemBuilderCommands;
             |                                                                         ^
           83|       system.systemBuilderArgs = lib.mkIf config.system.activatable {

       … while calling anonymous lambda
         at /nix/store/bgxq0a75z1gzy3x90x0bp6bx2ayigj1j-source/lib/modules.nix:283:38:
          282|             let
          283|               recurse = mapAttrs (n: v: if isOption v then v.value else recurse v);
             |                                      ^
          284|             in

       … while evaluating the attribute 'value'
         at /nix/store/bgxq0a75z1gzy3x90x0bp6bx2ayigj1j-source/lib/modules.nix:1181:7:
         1180|     // {
         1181|       value = addErrorContext "while evaluating the option `${showOption loc}':" (
             |       ^
         1182|         # Apply the 'apply' function to the merged value. This allows options to

       … while evaluating the option `system.activatableSystemBuilderCommands':

       (16 duplicate frames omitted)

       … while evaluating the attribute 'value'
         at /nix/store/bgxq0a75z1gzy3x90x0bp6bx2ayigj1j-source/lib/modules.nix:866:21:
          865|             inherit (module) file;
          866|             inherit value;
             |                     ^
          867|           }) module.config

       … from call site
         at /nix/store/bgxq0a75z1gzy3x90x0bp6bx2ayigj1j-source/nixos/modules/system/activation/activatable-system.nix:51:26:
           50|     let
           51|       activationScript = lib.getExe (
             |                          ^
           52|         (pkgs.writeShellApplication {

       … while calling 'getExe'
         at /nix/store/bgxq0a75z1gzy3x90x0bp6bx2ayigj1j-source/lib/meta.nix:526:5:
          525|   getExe =
          526|     x:
             |     ^
          527|     getExe' x (

       … from call site
         at /nix/store/bgxq0a75z1gzy3x90x0bp6bx2ayigj1j-source/lib/meta.nix:527:5:
          526|     x:
          527|     getExe' x (
             |     ^
          528|       x.meta.mainProgram or (

       … while calling 'getExe''
         at /nix/store/bgxq0a75z1gzy3x90x0bp6bx2ayigj1j-source/lib/meta.nix:572:8:
          571|   getExe' =
          572|     x: y:
             |        ^
          573|     assert

       … while calling the 'getAttr' builtin
         at «nix-internal»/derivation-internal.nix:50:17:
           49|     value = commonAttrs // {
           50|       outPath = builtins.getAttr outputName strict;
             |                 ^
           51|       drvPath = strict.drvPath;

       … while calling the 'derivationStrict' builtin
         at «nix-internal»/derivation-internal.nix:37:12:
           36|
           37|   strict = derivationStrict drvAttrs;
             |            ^
           38|

       … while evaluating derivation 'activate'
         whose name attribute is located at /nix/store/bgxq0a75z1gzy3x90x0bp6bx2ayigj1j-source/pkgs/stdenv/generic/make-derivation.nix:651:11

       … while evaluating attribute 'text' of derivation 'activate'
         at /nix/store/bgxq0a75z1gzy3x90x0bp6bx2ayigj1j-source/pkgs/build-support/trivial-builders/default.nix:135:11:
          134|           name
          135|           text
             |           ^
          136|           executable

       … while evaluating the attribute 'system.activationScripts.script'
         at /nix/store/bgxq0a75z1gzy3x90x0bp6bx2ayigj1j-source/nixos/modules/system/activation/activation-script.nix:172:11:
          171|         // {
          172|           script = systemActivationScript set false;
             |           ^
          173|         };

       … from call site
         at /nix/store/bgxq0a75z1gzy3x90x0bp6bx2ayigj1j-source/nixos/modules/system/activation/activation-script.nix:172:20:
          171|         // {
          172|           script = systemActivationScript set false;
             |                    ^
          173|         };

       … while calling 'systemActivationScript'
         at /nix/store/bgxq0a75z1gzy3x90x0bp6bx2ayigj1j-source/nixos/modules/system/activation/activation-script.nix:29:10:
           28|   systemActivationScript =
           29|     set: onlyDry:
             |          ^
           30|     let

       … while calling the 'concatStringsSep' builtin
         at /nix/store/bgxq0a75z1gzy3x90x0bp6bx2ayigj1j-source/nixos/modules/system/activation/activation-script.nix:68:9:
           67|
           68|       ${lib.concatStringsSep "\n" (
             |         ^
           69|         lib.filter (v: v != "") (

       … while calling the 'filter' builtin
         at /nix/store/bgxq0a75z1gzy3x90x0bp6bx2ayigj1j-source/nixos/modules/system/activation/activation-script.nix:69:9:
           68|       ${lib.concatStringsSep "\n" (
           69|         lib.filter (v: v != "") (
             |         ^
           70|           textClosureList withDrySnippets (attrNames (lib.filterAttrs (_: v: v.text != "") withDrySnippets))

       … from call site
         at /nix/store/bgxq0a75z1gzy3x90x0bp6bx2ayigj1j-source/nixos/modules/system/activation/activation-script.nix:70:11:
           69|         lib.filter (v: v != "") (
           70|           textClosureList withDrySnippets (attrNames (lib.filterAttrs (_: v: v.text != "") withDrySnippets))
             |           ^
           71|         )

       … while calling 'textClosureList'
         at /nix/store/bgxq0a75z1gzy3x90x0bp6bx2ayigj1j-source/lib/strings-with-deps.nix:130:17:
          129|   textClosureList =
          130|     predefined: arg:
             |                 ^
          131|     let

       … from call site
         at /nix/store/bgxq0a75z1gzy3x90x0bp6bx2ayigj1j-source/lib/strings-with-deps.nix:165:6:
          164|     in
          165|     (f { } arg).result;
             |      ^
          166|

       … while calling 'f'
         at /nix/store/bgxq0a75z1gzy3x90x0bp6bx2ayigj1j-source/lib/strings-with-deps.nix:133:15:
          132|       f =
          133|         done: todo:
             |               ^
          134|         if todo == [ ] then

       … while evaluating a branch condition
         at /nix/store/bgxq0a75z1gzy3x90x0bp6bx2ayigj1j-source/lib/strings-with-deps.nix:134:9:
          133|         done: todo:
          134|         if todo == [ ] then
             |         ^
          135|           {

       … while calling the 'attrNames' builtin
         at /nix/store/bgxq0a75z1gzy3x90x0bp6bx2ayigj1j-source/nixos/modules/system/activation/activation-script.nix:70:44:
           69|         lib.filter (v: v != "") (
           70|           textClosureList withDrySnippets (attrNames (lib.filterAttrs (_: v: v.text != "") withDrySnippets))
             |                                            ^
           71|         )

       … from call site
         at /nix/store/bgxq0a75z1gzy3x90x0bp6bx2ayigj1j-source/nixos/modules/system/activation/activation-script.nix:70:55:
           69|         lib.filter (v: v != "") (
           70|           textClosureList withDrySnippets (attrNames (lib.filterAttrs (_: v: v.text != "") withDrySnippets))
             |                                                       ^
           71|         )

       … while calling 'filterAttrs'
         at /nix/store/bgxq0a75z1gzy3x90x0bp6bx2ayigj1j-source/lib/attrsets.nix:667:23:
          666|   */
          667|   filterAttrs = pred: set: removeAttrs set (filter (name: !pred name set.${name}) (attrNames set));
             |                       ^
          668|

       … while calling the 'removeAttrs' builtin
         at /nix/store/bgxq0a75z1gzy3x90x0bp6bx2ayigj1j-source/lib/attrsets.nix:667:28:
          666|   */
          667|   filterAttrs = pred: set: removeAttrs set (filter (name: !pred name set.${name}) (attrNames set));
             |                            ^
          668|

       … while calling the 'filter' builtin
         at /nix/store/bgxq0a75z1gzy3x90x0bp6bx2ayigj1j-source/lib/attrsets.nix:667:45:
          666|   */
          667|   filterAttrs = pred: set: removeAttrs set (filter (name: !pred name set.${name}) (attrNames set));
             |                                             ^
          668|

       … while calling anonymous lambda
         at /nix/store/bgxq0a75z1gzy3x90x0bp6bx2ayigj1j-source/lib/attrsets.nix:667:53:
          666|   */
          667|   filterAttrs = pred: set: removeAttrs set (filter (name: !pred name set.${name}) (attrNames set));
             |                                                     ^
          668|

       … in the argument of the not operator
         at /nix/store/bgxq0a75z1gzy3x90x0bp6bx2ayigj1j-source/lib/attrsets.nix:667:60:
          666|   */
          667|   filterAttrs = pred: set: removeAttrs set (filter (name: !pred name set.${name}) (attrNames set));
             |                                                            ^
          668|

       … from call site
         at /nix/store/bgxq0a75z1gzy3x90x0bp6bx2ayigj1j-source/lib/attrsets.nix:667:60:
          666|   */
          667|   filterAttrs = pred: set: removeAttrs set (filter (name: !pred name set.${name}) (attrNames set));
             |                                                            ^
          668|

       … while calling anonymous lambda
         at /nix/store/bgxq0a75z1gzy3x90x0bp6bx2ayigj1j-source/nixos/modules/system/activation/activation-script.nix:70:75:
           69|         lib.filter (v: v != "") (
           70|           textClosureList withDrySnippets (attrNames (lib.filterAttrs (_: v: v.text != "") withDrySnippets))
             |                                                                           ^
           71|         )

       … from call site
         at /nix/store/bgxq0a75z1gzy3x90x0bp6bx2ayigj1j-source/lib/attrsets.nix:667:70:
          666|   */
          667|   filterAttrs = pred: set: removeAttrs set (filter (name: !pred name set.${name}) (attrNames set));
             |                                                                      ^
          668|

       … while calling anonymous lambda
         at /nix/store/bgxq0a75z1gzy3x90x0bp6bx2ayigj1j-source/nixos/modules/system/activation/activation-script.nix:42:12:
           41|       withDrySnippets = mapAttrs (
           42|         a: v:
             |            ^
           43|         if onlyDry && !v.supportsDryActivation then

       … from call site
         at /nix/store/bgxq0a75z1gzy3x90x0bp6bx2ayigj1j-source/nixos/modules/system/activation/activation-script.nix:49:11:
           48|         else
           49|           v
             |           ^
           50|       ) withHeadlines;

       … while calling anonymous lambda
         at /nix/store/bgxq0a75z1gzy3x90x0bp6bx2ayigj1j-source/nixos/modules/system/activation/activation-script.nix:14:8:
           13|   addAttributeName = mapAttrs (
           14|     a: v:
             |        ^
           15|     v

       … in the right operand of the update (//) operator
         at /nix/store/bgxq0a75z1gzy3x90x0bp6bx2ayigj1j-source/nixos/modules/system/activation/activation-script.nix:16:9:
           15|     v
           16|     // (lib.optionalAttrs (v.text != "") {
             |         ^
           17|       text = ''

       … from call site
         at /nix/store/bgxq0a75z1gzy3x90x0bp6bx2ayigj1j-source/nixos/modules/system/activation/activation-script.nix:16:9:
           15|     v
           16|     // (lib.optionalAttrs (v.text != "") {
             |         ^
           17|       text = ''

       … while calling 'optionalAttrs'
         at /nix/store/bgxq0a75z1gzy3x90x0bp6bx2ayigj1j-source/lib/attrsets.nix:1492:25:
         1491|   */
         1492|   optionalAttrs = cond: as: if cond then as else { };
             |                         ^
         1493|

       … while evaluating a branch condition
         at /nix/store/bgxq0a75z1gzy3x90x0bp6bx2ayigj1j-source/lib/attrsets.nix:1492:29:
         1491|   */
         1492|   optionalAttrs = cond: as: if cond then as else { };
             |                             ^
         1493|

       … from call site
         at /nix/store/bgxq0a75z1gzy3x90x0bp6bx2ayigj1j-source/nixos/modules/system/activation/activation-script.nix:16:28:
           15|     v
           16|     // (lib.optionalAttrs (v.text != "") {
             |                            ^
           17|       text = ''

       … while calling anonymous lambda
         at /nix/store/bgxq0a75z1gzy3x90x0bp6bx2ayigj1j-source/lib/modules.nix:283:38:
          282|             let
          283|               recurse = mapAttrs (n: v: if isOption v then v.value else recurse v);
             |                                      ^
          284|             in

       … while evaluating the attribute 'value'
         at /nix/store/bgxq0a75z1gzy3x90x0bp6bx2ayigj1j-source/lib/modules.nix:1181:7:
         1180|     // {
         1181|       value = addErrorContext "while evaluating the option `${showOption loc}':" (
             |       ^
         1182|         # Apply the 'apply' function to the merged value. This allows options to

       … while evaluating the option `system.activationScripts.setupSecrets.text':

       … while evaluating the attribute 'mergedValue'
         at /nix/store/bgxq0a75z1gzy3x90x0bp6bx2ayigj1j-source/lib/modules.nix:1276:5:
         1275|     # Type-check the remaining definitions, and merge them. Or throw if no definitions.
         1276|     mergedValue =
             |     ^
         1277|       if isDefined then

       … while evaluating a branch condition
         at /nix/store/bgxq0a75z1gzy3x90x0bp6bx2ayigj1j-source/lib/modules.nix:1277:7:
         1276|     mergedValue =
         1277|       if isDefined then
             |       ^
         1278|         if type.merge ? v2 then

       … while evaluating a branch condition
         at /nix/store/bgxq0a75z1gzy3x90x0bp6bx2ayigj1j-source/lib/modules.nix:1231:7:
         1230|       # original singleton straight to the type merge.
         1231|       if
             |       ^
         1232|         length defs == 1

       … in the right operand of the AND (&&) operator
         at /nix/store/bgxq0a75z1gzy3x90x0bp6bx2ayigj1j-source/lib/modules.nix:1233:9:
         1232|         length defs == 1
         1233|         && addErrorContext "while evaluating definitions from `${(head defs).file}':" (
             |         ^
         1234|           !(head defs).value ? _type

       … while evaluating definitions from `/nix/store/wwnl1ilqlhy8dqxi8ly1qwibad01rzns-source/modules/sops':

       … in the argument of the not operator
         at /nix/store/bgxq0a75z1gzy3x90x0bp6bx2ayigj1j-source/lib/modules.nix:1234:12:
         1233|         && addErrorContext "while evaluating definitions from `${(head defs).file}':" (
         1234|           !(head defs).value ? _type
             |            ^
         1235|         )

       … while evaluating the attribute 'value'
         at /nix/store/bgxq0a75z1gzy3x90x0bp6bx2ayigj1j-source/lib/modules.nix:866:21:
          865|             inherit (module) file;
          866|             inherit value;
             |                     ^
          867|           }) module.config

       … from call site
         at /nix/store/wwnl1ilqlhy8dqxi8ly1qwibad01rzns-source/modules/sops/default.nix:510:17:
          509|               [ -e /run/current-system ] || echo setting up secrets...
          510|               ${withEnvironment "${sops-install-secrets}/bin/sops-install-secrets ${manifest}"}
             |                 ^
          511|             ''

       … while calling anonymous lambda
         at /nix/store/wwnl1ilqlhy8dqxi8ly1qwibad01rzns-source/modules/sops/with-environment.nix:3:1:
            2|
            3| sopsCall:
             | ^
            4|

       … from call site
         at /nix/store/wwnl1ilqlhy8dqxi8ly1qwibad01rzns-source/modules/sops/default.nix:12:26:
           11|   users = config.users.users;
           12|   sops-install-secrets = cfg.package;
             |                          ^
           13|   manifestFor = pkgs.callPackage ./manifest-for.nix {

       … while calling anonymous lambda
         at /nix/store/bgxq0a75z1gzy3x90x0bp6bx2ayigj1j-source/lib/modules.nix:283:38:
          282|             let
          283|               recurse = mapAttrs (n: v: if isOption v then v.value else recurse v);
             |                                      ^
          284|             in

       … while evaluating the attribute 'value'
         at /nix/store/bgxq0a75z1gzy3x90x0bp6bx2ayigj1j-source/lib/modules.nix:1181:7:
         1180|     // {
         1181|       value = addErrorContext "while evaluating the option `${showOption loc}':" (
             |       ^
         1182|         # Apply the 'apply' function to the merged value. This allows options to

       … while evaluating the option `sops.package':

       … while evaluating the attribute 'mergedValue'
         at /nix/store/bgxq0a75z1gzy3x90x0bp6bx2ayigj1j-source/lib/modules.nix:1276:5:
         1275|     # Type-check the remaining definitions, and merge them. Or throw if no definitions.
         1276|     mergedValue =
             |     ^
         1277|       if isDefined then

       … while evaluating a branch condition
         at /nix/store/bgxq0a75z1gzy3x90x0bp6bx2ayigj1j-source/lib/modules.nix:1277:7:
         1276|     mergedValue =
         1277|       if isDefined then
             |       ^
         1278|         if type.merge ? v2 then

       … while evaluating the attribute 'values'
         at /nix/store/bgxq0a75z1gzy3x90x0bp6bx2ayigj1j-source/lib/modules.nix:1270:11:
         1269|         {
         1270|           values = defsSorted;
             |           ^
         1271|           inherit (defsFiltered) highestPrio;

       … while evaluating a branch condition
         at /nix/store/bgxq0a75z1gzy3x90x0bp6bx2ayigj1j-source/lib/modules.nix:1264:13:
         1263|             # Avoid sorting if we don't have to.
         1264|             if any (def: def.value._type or "" == "order") defsFiltered.values then
             |             ^
         1265|               sortProperties defsFiltered.values

       … while calling the 'any' builtin
         at /nix/store/bgxq0a75z1gzy3x90x0bp6bx2ayigj1j-source/lib/modules.nix:1264:16:
         1263|             # Avoid sorting if we don't have to.
         1264|             if any (def: def.value._type or "" == "order") defsFiltered.values then
             |                ^
         1265|               sortProperties defsFiltered.values

       … while calling anonymous lambda
         at /nix/store/bgxq0a75z1gzy3x90x0bp6bx2ayigj1j-source/lib/modules.nix:1264:21:
         1263|             # Avoid sorting if we don't have to.
         1264|             if any (def: def.value._type or "" == "order") defsFiltered.values then
             |                     ^
         1265|               sortProperties defsFiltered.values

       … while evaluating the attribute 'value._type'
         at /nix/store/bgxq0a75z1gzy3x90x0bp6bx2ayigj1j-source/lib/modules.nix:1458:67:
         1457|       strip =
         1458|         def: if def.value._type or "" == "override" then def // { value = def.value.content; } else def;
             |                                                                   ^
         1459|     in

       … while evaluating the attribute 'value.content'
         at /nix/store/bgxq0a75z1gzy3x90x0bp6bx2ayigj1j-source/lib/modules.nix:1600:22:
         1599|     _type = "override";
         1600|     inherit priority content;
             |                      ^
         1601|   };

       … while evaluating the attribute 'default'
         at /nix/store/wwnl1ilqlhy8dqxi8ly1qwibad01rzns-source/modules/sops/default.nix:276:7:
          275|       type = lib.types.package;
          276|       default = (pkgs.callPackage ../.. { }).sops-install-secrets;
             |       ^
          277|       defaultText = lib.literalExpression "(pkgs.callPackage ../.. {}).sops-install-secrets";

       … while evaluating the attribute 'sops-install-secrets'
         at /nix/store/wwnl1ilqlhy8dqxi8ly1qwibad01rzns-source/default.nix:11:11:
           10| rec {
           11|   inherit sops-install-secrets;
             |           ^
           12|   sops-init-gpg-key = pkgs.callPackage ./pkgs/sops-init-gpg-key { };

       … from call site
         at /nix/store/wwnl1ilqlhy8dqxi8ly1qwibad01rzns-source/default.nix:6:26:
            5| let
            6|   sops-install-secrets = pkgs.callPackage ./pkgs/sops-install-secrets {
             |                          ^
            7|     inherit vendorHash;

       … while calling anonymous lambda
         at /nix/store/bgxq0a75z1gzy3x90x0bp6bx2ayigj1j-source/lib/customisation.nix:308:19:
          307|     in
          308|     autoArgs: fn: args:
             |                   ^
          309|     let

       … while calling a functor (an attribute set with a '__functor' attribute)
         at /nix/store/bgxq0a75z1gzy3x90x0bp6bx2ayigj1j-source/lib/customisation.nix:323:7:
          322|     if unpassedArgs == { } || all (value: value) (attrValues unpassedArgs) then
          323|       makeOverridable f allArgs
             |       ^
          324|     else

       … from call site
         at /nix/store/bgxq0a75z1gzy3x90x0bp6bx2ayigj1j-source/lib/trivial.nix:1183:7:
         1182|     g: {
         1183|       __functor = self: g;
             |       ^
         1184|       __functionArgs = fArgs;

       … while calling 'f''
         at /nix/store/bgxq0a75z1gzy3x90x0bp6bx2ayigj1j-source/lib/customisation.nix:159:9:
          158|       f' =
          159|         origArgs:
             |         ^
          160|         let

       … while evaluating a branch condition
         at /nix/store/bgxq0a75z1gzy3x90x0bp6bx2ayigj1j-source/lib/customisation.nix:175:9:
          174|         in
          175|         if isAttrs result then
             |         ^
          176|           result

       … while calling the 'isAttrs' builtin
         at /nix/store/bgxq0a75z1gzy3x90x0bp6bx2ayigj1j-source/lib/customisation.nix:175:12:
          174|         in
          175|         if isAttrs result then
             |            ^
          176|           result

       … from call site
         at /nix/store/bgxq0a75z1gzy3x90x0bp6bx2ayigj1j-source/lib/customisation.nix:161:20:
          160|         let
          161|           result = f origArgs;
             |                    ^
          162|

       … while calling anonymous lambda
         at /nix/store/wwnl1ilqlhy8dqxi8ly1qwibad01rzns-source/pkgs/sops-install-secrets/default.nix:1:1:
            1| {
             | ^
            2|   lib,

       … from call site
         at /nix/store/wwnl1ilqlhy8dqxi8ly1qwibad01rzns-source/pkgs/sops-install-secrets/default.nix:8:1:
            7| }:
            8| buildGo125Module {
             | ^
            9|   pname = "sops-install-secrets";

       … while calling anonymous lambda
         at /nix/store/bgxq0a75z1gzy3x90x0bp6bx2ayigj1j-source/pkgs/top-level/aliases.nix:217:31:
          216|   mapAliases =
          217|     aliases: lib.mapAttrs (n: alias: removeRecurseForDerivations (checkInPkgs n alias)) aliases;
             |                               ^
          218|

       … from call site
         at /nix/store/bgxq0a75z1gzy3x90x0bp6bx2ayigj1j-source/pkgs/top-level/aliases.nix:217:38:
          216|   mapAliases =
          217|     aliases: lib.mapAttrs (n: alias: removeRecurseForDerivations (checkInPkgs n alias)) aliases;
             |                                      ^
          218|

       … while calling 'removeRecurseForDerivations'
         at /nix/store/bgxq0a75z1gzy3x90x0bp6bx2ayigj1j-source/pkgs/top-level/aliases.nix:25:5:
           24|   removeRecurseForDerivations =
           25|     alias:
             |     ^
           26|     if alias.recurseForDerivations or false then

       … while evaluating a branch condition
         at /nix/store/bgxq0a75z1gzy3x90x0bp6bx2ayigj1j-source/pkgs/top-level/aliases.nix:26:5:
           25|     alias:
           26|     if alias.recurseForDerivations or false then
             |     ^
           27|       lib.removeAttrs alias [ "recurseForDerivations" ]

       … from call site
         at /nix/store/bgxq0a75z1gzy3x90x0bp6bx2ayigj1j-source/pkgs/top-level/aliases.nix:217:67:
          216|   mapAliases =
          217|     aliases: lib.mapAttrs (n: alias: removeRecurseForDerivations (checkInPkgs n alias)) aliases;
             |                                                                   ^
          218|

       … while calling 'checkInPkgs'
         at /nix/store/bgxq0a75z1gzy3x90x0bp6bx2ayigj1j-source/pkgs/top-level/aliases.nix:213:8:
          212|   checkInPkgs =
          213|     n: alias:
             |        ^
          214|     if builtins.hasAttr n super then abort "Alias ${n} is still in all-packages.nix" else alias;

       … while calling the 'throw' builtin
         at /nix/store/bgxq0a75z1gzy3x90x0bp6bx2ayigj1j-source/pkgs/top-level/aliases.nix:456:22:
          455|   buildGo123Module = throw "Go 1.23 is end-of-life, and 'buildGo123Module' has been removed. Please use a newer builder version."; # Added 2025-08-13
          456|   buildGo125Module = throw "Go 1.25 is end-of-life, and 'buildGo125Module' has been removed. Please use a newer builder version."; # Added 2026-09-15
             |                      ^
          457|   buildPlatform = warnAlias "'buildPlatform' has been renamed to/replaced by 'stdenv.buildPlatform'" stdenv.buildPlatform; # Converted to warning 2025-10-28

       error: Go 1.25 is end-of-life, and 'buildGo125Module' has been removed. Please use a newer builder version.
Command 'nix --extra-experimental-features 'nix-command flakes' build --print-out-paths '.#nixosConfigurations."Yoke".config.system.build.toplevel' --max-jobs 2 --cores 2 --option eval-cache false --show-trace --impure' returned non-zero exit status 1.
